
Allocating common symbols
Common symbol       size              file

netbufpool          0x4               binaries/net.o
readylist           0x2               binaries/ready.o
rfltab              0x5a0             binaries/rflinit.o
sleepq              0x2               binaries/clkinit.o
pfnum               0x4               binaries/hook.o
PAGE_SERVER_STATUS  0x1               binaries/initialize.o
nnames              0x4               binaries/naminit.o
invert_ptab         0xf000            binaries/initialize_paging.o
udptab              0x168             binaries/udp.o
minheap             0x4               binaries/meminit.o
marks               0x50              binaries/mark.o
currpid             0x4               binaries/initialize.o
Lf_data             0x20c             binaries/lfsinit.o
porttab             0x2d0             binaries/ptinit.o
girmask             0x2               binaries/evec.o
ttytab              0x10c             binaries/ttyinit.o
bs_sem              0x4               binaries/psinit.o
proctab             0x1c20            binaries/initialize.o
prcount             0x4               binaries/initialize.o
temp                0x4               binaries/initialize_paging.o
lfltab              0xf00             binaries/lflinit.o
rdstab              0x8c              binaries/rdsinit.o
ethertab            0x138             binaries/ethinit.o
temp1               0x4               binaries/pfhandler.o
NetData             0xa8              binaries/net.o
nmarks              0x4               binaries/mark.o
Defer               0x8               binaries/resched.o
semtab              0x4b0             binaries/initialize.o
maxheap             0x4               binaries/meminit.o
preempt             0x4               binaries/clkinit.o
buftab              0xf0              binaries/bufinit.o
Rf_data             0x18              binaries/rfsinit.o
vmem_sem            0x4               binaries/initialize_paging.o
mkmutex             0x4               binaries/mark.o
bstab               0x80              binaries/psinit.o
clktime             0x4               binaries/clkinit.o
arpcache            0x140             binaries/arp.o
icmptab             0x230             binaries/icmp.o
nbpools             0x4               binaries/bufinit.o
queuetab            0x980             binaries/queue.o
ptnextid            0x4               binaries/ptinit.o
Ram                 0x19000           binaries/raminit.o
ipoqueue            0x2c              binaries/ip.o
bs_init_sem         0x4               binaries/initialize.o
memlist             0x8               binaries/initialize.o
nametab             0x19a0            binaries/naminit.o
ptfree              0x4               binaries/ptinit.o

Discarded input sections

 .group         0x0000000000000000        0x8 binaries/ascdate.o
 .group         0x0000000000000000        0x8 binaries/bufinit.o
 .group         0x0000000000000000        0x8 binaries/chprio.o
 .group         0x0000000000000000        0x8 binaries/clkhandler.o
 .text.__x86.get_pc_thunk.bx
                0x0000000000000000        0x4 binaries/clkhandler.o
 .group         0x0000000000000000        0x8 binaries/clkinit.o
 .text.__x86.get_pc_thunk.bx
                0x0000000000000000        0x4 binaries/clkinit.o
 .group         0x0000000000000000        0x8 binaries/close.o
 .text.__x86.get_pc_thunk.bx
                0x0000000000000000        0x4 binaries/close.o
 .group         0x0000000000000000        0x8 binaries/control.o
 .text.__x86.get_pc_thunk.bx
                0x0000000000000000        0x4 binaries/control.o
 .group         0x0000000000000000        0x8 binaries/create.o
 .group         0x0000000000000000        0x8 binaries/create.o
 .text.__x86.get_pc_thunk.cx
                0x0000000000000000        0x4 binaries/create.o
 .text.__x86.get_pc_thunk.bx
                0x0000000000000000        0x4 binaries/create.o
 .group         0x0000000000000000        0x8 binaries/early_imr.o
 .group         0x0000000000000000        0x8 binaries/early_imr.o
 .text.__x86.get_pc_thunk.ax
                0x0000000000000000        0x4 binaries/early_imr.o
 .text.__x86.get_pc_thunk.bx
                0x0000000000000000        0x4 binaries/early_imr.o
 .group         0x0000000000000000        0x8 binaries/evec.o
 .group         0x0000000000000000        0x8 binaries/evec.o
 .text.__x86.get_pc_thunk.ax
                0x0000000000000000        0x4 binaries/evec.o
 .text.__x86.get_pc_thunk.bx
                0x0000000000000000        0x4 binaries/evec.o
 .group         0x0000000000000000        0x8 binaries/findfframe.o
 .group         0x0000000000000000        0x8 binaries/freebuf.o
 .text.__x86.get_pc_thunk.bx
                0x0000000000000000        0x4 binaries/freebuf.o
 .group         0x0000000000000000        0x8 binaries/freemem.o
 .text.__x86.get_pc_thunk.bx
                0x0000000000000000        0x4 binaries/freemem.o
[...]
Memory Configuration

Name             Origin             Length             Attributes
*default*        0x0000000000000000 0xffffffffffffffff

Linker script and memory map

                0x0000000000100000                physbase = 0x100000
                0x0000000000100000                . = physbase
                0x0000000000100000                . = ALIGN (0x1000)

.text           0x0000000000100000    0x1d000
                0x0000000000100000                text = ABSOLUTE (.)
 *(.text .text.*)
 .text          0x0000000000100000      0x148 binaries/start.o
                0x0000000000100024                start
                0x0000000000100096                inb
                0x000000000010009e                inw
                0x00000000001000a7                inl
                0x00000000001000af                outb
                0x00000000001000b9                outw
                0x00000000001000c4                outl
                0x00000000001000ce                _rtcin
                0x00000000001000d9                ___udivsi3
                0x00000000001000e4                ___divsi3
                0x00000000001000f0                sbzero
                0x0000000000100100                bcopy
                0x0000000000100114                insw
                0x000000000010012a                outsw
                0x0000000000100140                lidt
 .text          0x0000000000100148      0x404 binaries/ascdate.o
                0x0000000000100148                ascdate
 .text.__x86.get_pc_thunk.cx
                0x000000000010054c        0x4 binaries/ascdate.o
                0x000000000010054c                __x86.get_pc_thunk.cx
 .text          0x0000000000100550       0x20 binaries/bufinit.o
                0x0000000000100550                bufinit
 .text.__x86.get_pc_thunk.ax
                0x0000000000100570        0x4 binaries/bufinit.o
                0x0000000000100570                __x86.get_pc_thunk.ax
 .text          0x0000000000100574       0xa2 binaries/chprio.o
                0x0000000000100574                chprio
 .text.__x86.get_pc_thunk.bx
                0x0000000000100616        0x4 binaries/chprio.o
                0x0000000000100616                __x86.get_pc_thunk.bx
 .text          0x000000000010061a       0xd7 binaries/clkhandler.o
                0x000000000010061a                clkhandler
 .text          0x00000000001006f1       0x95 binaries/clkinit.o
                0x00000000001006f1                clkinit
 .text          0x0000000000100786       0x86 binaries/close.o
                0x0000000000100786                close
 .text          0x000000000010080c        0x0 binaries/conf.o
 .text          0x000000000010080c       0x8c binaries/control.o
                0x000000000010080c                control
 .text          0x0000000000100898      0x586 binaries/create.o
                0x0000000000100898                create
 .text          0x0000000000100e1e      0x30e binaries/early_imr.o
                0x0000000000100e1e                intel_cln_early_sb_read_reg
                0x0000000000100eaf                intel_cln_early_sb_write_reg
                0x000000000010108e                remove_irm_protections
 .text          0x000000000010112c      0x4c6 binaries/evec.o
                0x000000000010112c                initevec
                0x000000000010123d                set_evec
                0x00000000001012fb                setirmask
                0x000000000010136d                trap
 .text          0x00000000001015f2       0xc7 binaries/findfframe.o
                0x00000000001015f2                findfframe
 .text.__x86.get_pc_thunk.dx
                0x00000000001016b9        0x4 binaries/findfframe.o
                0x00000000001016b9                __x86.get_pc_thunk.dx
 .text          0x00000000001016bd       0xa1 binaries/freebuf.o
                0x00000000001016bd                freebuf
 .text          0x000000000010175e      0x195 binaries/freemem.o
                0x000000000010175e                freemem
 .text          0x00000000001018f3       0x9f binaries/getbuf.o
                0x00000000001018f3                getbuf
 .text          0x0000000000101992       0x86 binaries/getc.o
                0x0000000000101992                getc
 .text          0x0000000000101a18       0x86 binaries/getdev.o
                0x0000000000101a18                getdev
 .text          0x0000000000101a9e      0x111 binaries/getitem.o
                0x0000000000101a9e                getfirst
                0x0000000000101af4                getlast
                0x0000000000101b4c                getitem
 .text          0x0000000000101baf      0x132 binaries/getmem.o
                0x0000000000101baf                getmem
 .text          0x0000000000101ce1       0x17 binaries/getpid.o
                0x0000000000101ce1                getpid
 .text          0x0000000000101cf8       0x8c binaries/getprio.o
                0x0000000000101cf8                getprio
 .text          0x0000000000101d84      0x119 binaries/getstk.o
                0x0000000000101d84                getstk
 .text          0x0000000000101e9d       0x4a binaries/gettime.o
                0x0000000000101e9d                gettime
 .text          0x0000000000101ee7      0x1f4 binaries/getutime.o
                0x0000000000101ee7                getutime
 .text          0x00000000001020db       0xc4 binaries/hook.o
                0x00000000001020db                hook_ptable_create
                0x0000000000102109                hook_ptable_delete
                0x0000000000102137                hook_pfault
                0x0000000000102165                get_faults
 .text          0x000000000010219f       0x86 binaries/init.o
                0x000000000010219f                init
 .text          0x0000000000102225      0x3a2 binaries/initialize.o
                0x0000000000102225                nulluser
                0x0000000000102554                stop
                0x000000000010258f                delay
 .text          0x00000000001025c7      0x669 binaries/initialize_paging.o
                0x00000000001025c7                write_pdbr
                0x00000000001025ee                enable_paging
                0x0000000000102611                initialize_paging
 .text          0x0000000000102c30      0x105 binaries/insert.o
                0x0000000000102c30                insert
 .text          0x0000000000102d35      0x13e binaries/insertd.o
                0x0000000000102d35                insertd
 .text          0x0000000000102e73       0x14 binaries/ioerr.o
                0x0000000000102e73                ioerr
 .text          0x0000000000102e87       0x14 binaries/ionull.o
                0x0000000000102e87                ionull
 .text          0x0000000000102e9b      0x2a7 binaries/kill.o
                0x0000000000102e9b                kill
 .text          0x0000000000103142      0x15d binaries/kprintf.o
                0x0000000000103142                console_init
                0x000000000010319f                kputc
                0x0000000000103205                kgetc
                0x0000000000103263                kprintf
 .text          0x000000000010329f       0x4e binaries/main.o
                0x000000000010329f                main
 .text          0x00000000001032ed       0xf0 binaries/mark.o
                0x00000000001032ed                markinit
                0x0000000000103328                mark
 .text          0x00000000001033dd      0x18f binaries/meminit.o
                0x00000000001033dd                meminit
                0x0000000000103486                setsegs
 .text          0x000000000010356c      0x179 binaries/mkbufpool.o
                0x000000000010356c                mkbufpool
 .text          0x00000000001036e5       0xbb binaries/newqueue.o
                0x00000000001036e5                newqueue
 .text          0x00000000001037a0       0x8c binaries/open.o
                0x00000000001037a0                open
 .text          0x000000000010382c       0x2e binaries/panic.o
                0x000000000010382c                panic
 .text          0x000000000010385a      0x491 binaries/pci.o
                0x000000000010385a                pci_init
                0x0000000000103920                find_pci_device
                0x00000000001039fb                pci_read_config_byte
                0x0000000000103a63                pci_read_config_word
                0x0000000000103acd                pci_read_config_dword
                0x0000000000103b35                pci_write_config_byte
                0x0000000000103ba1                pci_write_config_word
                0x0000000000103c0f                pci_write_config_dword
                0x0000000000103c75                pci_get_dev_mmio_base_addr
 .text          0x0000000000103ceb      0x4ef binaries/pfhandler.o
                0x0000000000103ceb                get_cr2
                0x0000000000103d17                pfhandler
 .text          0x00000000001041da       0x76 binaries/platinit.o
                0x00000000001041da                platinit
 .text          0x0000000000104250      0x105 binaries/ptclear.o
                0x0000000000104250                _ptclear
 .text          0x0000000000104355       0xaf binaries/ptcount.o
                0x0000000000104355                ptcount
 .text          0x0000000000104404      0x138 binaries/ptcreate.o
                0x0000000000104404                ptcreate
 .text          0x000000000010453c       0x94 binaries/ptdelete.o
                0x000000000010453c                ptdelete
 .text          0x00000000001045d0       0xe7 binaries/ptinit.o
                0x00000000001045d0                ptinit
 .text          0x00000000001046b7      0x135 binaries/ptrecv.o
                0x00000000001046b7                ptrecv
 .text          0x00000000001047ec       0x89 binaries/ptreset.o
                0x00000000001047ec                ptreset
 .text          0x0000000000104875      0x15a binaries/ptsend.o
                0x0000000000104875                ptsend
 .text          0x00000000001049cf       0x91 binaries/putc.o
                0x00000000001049cf                putc
 .text          0x0000000000104a60       0xdb binaries/quark_irq.o
                0x0000000000104a60                quark_irq_routing
 .text          0x0000000000104b3b      0x20f binaries/quark_pdat.o
                0x0000000000104b3b                get_quark_pdat_entry_data_by_id
                0x0000000000104c3d                get_quark_pdat_entry_data_by_desc
 .text          0x0000000000104d4a      0x144 binaries/queue.o
                0x0000000000104d4a                enqueue
                0x0000000000104e09                dequeue
 .text          0x0000000000104e8e       0x8c binaries/read.o
                0x0000000000104e8e                read
 .text          0x0000000000104f1a       0x8c binaries/ready.o
                0x0000000000104f1a                ready
 .text          0x0000000000104fa6       0x74 binaries/receive.o
                0x0000000000104fa6                receive
 .text          0x000000000010501a       0x70 binaries/recvclr.o
                0x000000000010501a                recvclr
 .text          0x000000000010508a       0xd5 binaries/recvtime.o
                0x000000000010508a                recvtime
 .text          0x000000000010515f      0x1e8 binaries/resched.o
                0x000000000010515f                resched
                0x00000000001052a9                resched_cntl
 .text          0x0000000000105347       0xbf binaries/resume.o
                0x0000000000105347                resume
 .text          0x0000000000105406       0x8a binaries/seek.o
                0x0000000000105406                seek
 .text          0x0000000000105490       0x87 binaries/semcount.o
                0x0000000000105490                semcount
 .text          0x0000000000105517      0x100 binaries/semcreate.o
                0x0000000000105517                semcreate
 .text          0x0000000000105617       0xdf binaries/semdelete.o
                0x0000000000105617                semdelete
 .text          0x00000000001056f6       0xe3 binaries/semreset.o
                0x00000000001056f6                semreset
 .text          0x00000000001057d9      0x105 binaries/send.o
                0x00000000001057d9                send
 .text          0x00000000001058de       0xba binaries/signal.o
                0x00000000001058de                signal
 .text          0x0000000000105998       0xe8 binaries/signaln.o
                0x0000000000105998                signaln
 .text          0x0000000000105a80      0x107 binaries/sleep.o
                0x0000000000105a80                sleep
                0x0000000000105ad2                sleepms
 .text          0x0000000000105b87      0x1c8 binaries/stacktrace.o
                0x0000000000105b87                stacktrace
 .text          0x0000000000105d4f       0xf5 binaries/suspend.o
                0x0000000000105d4f                suspend
 .text          0x0000000000105e44       0x52 binaries/test1.o
                0x0000000000105e44                test1
 .text          0x0000000000105e96       0x40 binaries/test2.o
                0x0000000000105e96                test2
 .text          0x0000000000105ed6      0x100 binaries/unsleep.o
                0x0000000000105ed6                unsleep
 .text          0x0000000000105fd6       0x29 binaries/userret.o
                0x0000000000105fd6                userret
 .text          0x0000000000105fff      0x591 binaries/vcreate.o
                0x0000000000105fff                vcreate
 .text          0x0000000000106590      0x1c2 binaries/vfreemem.o
                0x0000000000106590                vfreemem
 .text          0x0000000000106752      0x1e5 binaries/vgetmem.o
                0x0000000000106752                vgetmem
 .text          0x0000000000106937       0xf5 binaries/wait.o
                0x0000000000106937                wait
 .text          0x0000000000106a2c       0x98 binaries/wakeup.o
                0x0000000000106a2c                wakeup
 .text          0x0000000000106ac4       0x8c binaries/write.o
                0x0000000000106ac4                write
 .text          0x0000000000106b50       0x2f binaries/xdone.o
                0x0000000000106b50                xdone
 .text          0x0000000000106b7f       0x37 binaries/yield.o
                0x0000000000106b7f                yield
 .text          0x0000000000106bb6       0x1b binaries/abs.o
                0x0000000000106bb6                abs
 .text          0x0000000000106bd1       0x99 binaries/atoi.o
                0x0000000000106bd1                atoi
 .text          0x0000000000106c6a       0x99 binaries/atol.o
                0x0000000000106c6a                atol
 .text          0x0000000000106d03       0x3c binaries/bzero.o
                0x0000000000106d03                bzero
 .text          0x0000000000106d3f        0x0 binaries/ctype_.o
 .text          0x0000000000106d3f      0x7ee binaries/doprnt.o
                0x0000000000106d3f                _doprnt
 .text          0x000000000010752d      0x6cb binaries/doscan.o
                0x000000000010752d                _doscan
 .text.__x86.get_pc_thunk.di
                0x0000000000107bf8        0x4 binaries/doscan.o
                0x0000000000107bf8                __x86.get_pc_thunk.di
 .text          0x0000000000107bfc      0x76a binaries/fdoprnt.o
                0x0000000000107bfc                _fdoprnt
 .text          0x0000000000108366       0x39 binaries/fgetc.o
                0x0000000000108366                fgetc
 .text          0x000000000010839f       0x84 binaries/fgets.o
                0x000000000010839f                fgets
 .text          0x0000000000108423       0x3c binaries/fprintf.o
                0x0000000000108423                fprintf
 .text          0x000000000010845f       0x3c binaries/fputc.o
                0x000000000010845f                fputc
 .text          0x000000000010849b       0x52 binaries/fputs.o
                0x000000000010849b                fputs
 .text          0x00000000001084ed       0xb8 binaries/fscanf.o
                0x00000000001084ed                fscanf
 .text          0x00000000001085a5       0x46 binaries/getchar.o
                0x00000000001085a5                getchar
 .text          0x00000000001085eb       0x1b binaries/labs.o
                0x00000000001085eb                labs
 .text          0x0000000000108606       0x44 binaries/memchr.o
                0x0000000000108606                memchr
 .text          0x000000000010864a       0x5b binaries/memcmp.o
                0x000000000010864a                memcmp
 .text          0x00000000001086a5       0x49 binaries/memcpy.o
                0x00000000001086a5                memcpy
 .text          0x00000000001086ee       0x3a binaries/memset.o
                0x00000000001086ee                memset
 .text          0x0000000000108728       0x5e binaries/printf.o
                0x0000000000108728                printf
 .text          0x0000000000108786       0x49 binaries/putchar.o
                0x0000000000108786                putchar
 .text          0x00000000001087cf      0x2b7 binaries/qsort.o
                0x00000000001087cf                qsort
 .text          0x0000000000108a86       0x4e binaries/rand.o
                0x0000000000108a86                srand
                0x0000000000108a9f                rand
 .text          0x0000000000108ad4       0x82 binaries/sprintf.o
                0x0000000000108ad4                sprintf
 .text          0x0000000000108b56       0x98 binaries/sscanf.o
                0x0000000000108b56                sscanf
 .text          0x0000000000108bee       0x46 binaries/strchr.o
                0x0000000000108bee                strchr
 .text          0x0000000000108c34       0x4f binaries/strcmp.o
                0x0000000000108c34                strcmp
 .text          0x0000000000108c83       0x31 binaries/strcpy.o
                0x0000000000108c83                strcpy
 .text          0x0000000000108cb4       0x30 binaries/strlen.o
                0x0000000000108cb4                strlen
 .text          0x0000000000108ce4       0x60 binaries/strncat.o
                0x0000000000108ce4                strncat
 .text          0x0000000000108d44       0x68 binaries/strncmp.o
                0x0000000000108d44                strncmp
 .text          0x0000000000108dac       0x59 binaries/strncpy.o
                0x0000000000108dac                strncpy
 .text          0x0000000000108e05       0x38 binaries/strnlen.o
                0x0000000000108e05                strnlen
 .text          0x0000000000108e3d       0x4f binaries/strrchr.o
                0x0000000000108e3d                strrchr
 .text          0x0000000000108e8c       0x78 binaries/strstr.o
                0x0000000000108e8c                strstr
 .text          0x0000000000108f04       0xff binaries/ttycontrol.o
                0x0000000000108f04                ttycontrol
 .text          0x0000000000109003       0xaf binaries/ttygetc.o
                0x0000000000109003                ttygetc
 .text          0x00000000001090b2      0x708 binaries/ttyhandle_in.o
                0x00000000001090b2                ttyhandle_in
 .text          0x00000000001097ba      0x197 binaries/ttyhandle_out.o
                0x00000000001097ba                ttyhandle_out
 .text          0x0000000000109951       0xd7 binaries/ttyhandler.o
                0x0000000000109951                ttyhandler
 .text          0x0000000000109a28      0x1fd binaries/ttyinit.o
                0x0000000000109a28                ttyinit
 .text          0x0000000000109c25       0x1a binaries/ttykickout.o
                0x0000000000109c25                ttykickout
 .text          0x0000000000109c3f       0xcd binaries/ttyputc.o
                0x0000000000109c3f                ttyputc
 .text          0x0000000000109d0c      0x131 binaries/ttyread.o
                0x0000000000109d0c                ttyread
 .text          0x0000000000109e3d       0x5c binaries/ttywrite.o
                0x0000000000109e3d                ttywrite
 .text          0x0000000000109e99      0x174 binaries/mount.o
                0x0000000000109e99                mount
                0x0000000000109fcd                namlen
 .text          0x000000000010a00d      0x220 binaries/naminit.o
                0x000000000010a00d                naminit
 .text          0x000000000010a22d      0x243 binaries/nammap.o
                0x000000000010a22d                nammap
                0x000000000010a2ca                namrepl
                0x000000000010a416                namcpy
 .text          0x000000000010a470       0x5d binaries/namopen.o
                0x000000000010a470                namopen
 .text          0x000000000010a4cd      0x1bb binaries/colon2mac.o
                0x000000000010a4cd                colon2mac
 .text          0x000000000010a688       0xa8 binaries/ethcontrol.o
                0x000000000010a688                ethcontrol
 .text          0x000000000010a730      0x1cd binaries/ethhandler.o
                0x000000000010a730                ethhandler
 .text          0x000000000010a8fd      0x79c binaries/ethinit.o
                0x000000000010a8fd                eth_phy_read
                0x000000000010a971                eth_phy_write
                0x000000000010a9f0                eth_phy_reset
                0x000000000010ab44                ethinit
 .text.__x86.get_pc_thunk.si
                0x000000000010b099        0x4 binaries/ethinit.o
                0x000000000010b099                __x86.get_pc_thunk.si
 .text          0x000000000010b09d      0x19c binaries/ethmcast.o
                0x000000000010b09d                ethmcast_add
                0x000000000010b12a                ethmcast_remove
 .text          0x000000000010b239      0x1a1 binaries/ethread.o
                0x000000000010b239                ethread
 .text          0x000000000010b3da      0x10a binaries/ethwrite.o
                0x000000000010b3da                ethwrite
 .text          0x000000000010b4e4       0xaf binaries/rdsbufalloc.o
                0x000000000010b4e4                rdsbufalloc
 .text          0x000000000010b593       0xcf binaries/rdsclose.o
                0x000000000010b593                rdsclose
 .text          0x000000000010b662      0x2d2 binaries/rdscomm.o
                0x000000000010b662                rdscomm
 .text          0x000000000010b934      0x20b binaries/rdscontrol.o
                0x000000000010b934                rdscontrol
 .text          0x000000000010bb3f      0x1b3 binaries/rdsinit.o
                0x000000000010bb3f                rdsinit
 .text          0x000000000010bcf2      0x1a4 binaries/rdsopen.o
                0x000000000010bcf2                rdsopen
 .text          0x000000000010be96      0x4ea binaries/rdsprocess.o
                0x000000000010be96                rdsprocess
 .text          0x000000000010c380      0x235 binaries/rdsread.o
                0x000000000010c380                rdsread
 .text          0x000000000010c5b5      0x1df binaries/rdswrite.o
                0x000000000010c5b5                rdswrite
 .text          0x000000000010c794       0x14 binaries/ramclose.o
                0x000000000010c794                ramclose
 .text          0x000000000010c7a8       0x58 binaries/raminit.o
                0x000000000010c7a8                raminit
 .text          0x000000000010c800       0x14 binaries/ramopen.o
                0x000000000010c800                ramopen
 .text          0x000000000010c814       0x47 binaries/ramread.o
                0x000000000010c814                ramread
 .text          0x000000000010c85b       0x47 binaries/ramwrite.o
                0x000000000010c85b                ramwrite
 .text          0x000000000010c8a2       0xc4 binaries/lfdballoc.o
                0x000000000010c8a2                lfdballoc
 .text          0x000000000010c966       0x6a binaries/lfdbfree.o
                0x000000000010c966                lfdbfree
 .text          0x000000000010c9d0       0xe0 binaries/lfflush.o
                0x000000000010c9d0                lfflush
 .text          0x000000000010cab0       0xe2 binaries/lfgetmode.o
                0x000000000010cab0                lfgetmode
 .text          0x000000000010cb92       0x92 binaries/lfiballoc.o
                0x000000000010cb92                lfiballoc
 .text          0x000000000010cc24       0x45 binaries/lfibclear.o
                0x000000000010cc24                lfibclear
 .text          0x000000000010cc69       0xbc binaries/lfibget.o
                0x000000000010cc69                lfibget
 .text          0x000000000010cd25       0xeb binaries/lfibput.o
                0x000000000010cd25                lfibput
 .text          0x000000000010ce10       0xbb binaries/lflclose.o
                0x000000000010ce10                lflclose
 .text          0x000000000010cecb       0xef binaries/lflcontrol.o
                0x000000000010cecb                lflcontrol
 .text          0x000000000010cfba      0x104 binaries/lflgetc.o
                0x000000000010cfba                lflgetc
 .text          0x000000000010d0be      0x102 binaries/lflinit.o
                0x000000000010d0be                lflinit
 .text          0x000000000010d1c0      0x13a binaries/lflputc.o
                0x000000000010d1c0                lflputc
 .text          0x000000000010d2fa       0x7f binaries/lflread.o
                0x000000000010d2fa                lflread
 .text          0x000000000010d379       0xbe binaries/lflseek.o
                0x000000000010d379                lflseek
 .text          0x000000000010d437       0x64 binaries/lflwrite.o
                0x000000000010d437                lflwrite
 .text          0x000000000010d49b      0x159 binaries/lfsckfmt.o
                0x000000000010d49b                lfsckfmt
 .text          0x000000000010d5f4      0x1be binaries/lfscreate.o
                0x000000000010d5f4                lfscreate
 .text          0x000000000010d7b2      0x2a3 binaries/lfsetup.o
                0x000000000010d7b2                lfsetup
 .text          0x000000000010da55       0x81 binaries/lfsinit.o
                0x000000000010da55                lfsinit
 .text          0x000000000010dad6      0x3c0 binaries/lfsopen.o
                0x000000000010dad6                lfsopen
 .text          0x000000000010de96      0x18a binaries/lftruncate.o
                0x000000000010de96                lftruncate
 .text          0x000000000010e020       0x8f binaries/rflclose.o
                0x000000000010e020                rflclose
 .text          0x000000000010e0af       0x42 binaries/rflgetc.o
                0x000000000010e0af                rflgetc
 .text          0x000000000010e0f1       0x86 binaries/rflinit.o
                0x000000000010e0f1                rflinit
 .text          0x000000000010e177       0x5f binaries/rflputc.o
                0x000000000010e177                rflputc
 .text          0x000000000010e1d6      0x396 binaries/rflread.o
                0x000000000010e1d6                rflread
 .text          0x000000000010e56c       0x92 binaries/rflseek.o
                0x000000000010e56c                rflseek
 .text          0x000000000010e5fe      0x381 binaries/rflwrite.o
                0x000000000010e5fe                rflwrite
 .text          0x000000000010e97f      0x21d binaries/rfscomm.o
                0x000000000010e97f                rfscomm
 .text          0x000000000010eb9c      0x2cc binaries/rfscontrol.o
                0x000000000010eb9c                rfscontrol
 .text          0x000000000010ee68       0xe2 binaries/rfsgetmode.o
                0x000000000010ee68                rfsgetmode
 .text          0x000000000010ef4a       0xb5 binaries/rfsinit.o
                0x000000000010ef4a                rfsinit
 .text          0x000000000010efff      0x122 binaries/rfsndmsg.o
                0x000000000010efff                rfsndmsg
 .text          0x000000000010f121      0x2e3 binaries/rfsopen.o
                0x000000000010f121                rfsopen
 .text          0x000000000010f404      0x8e6 binaries/arp.o
                0x000000000010f404                arp_init
                0x000000000010f44a                arp_resolve
                0x000000000010f738                arp_in
                0x000000000010fa1a                arp_alloc
                0x000000000010fafc                arp_ntoh
                0x000000000010fbf3                arp_hton
 .text          0x000000000010fcea      0x842 binaries/dhcp.o
                0x000000000010fcea                dhcp_get_opt_val
                0x000000000010fd4d                dhcp_bld_bootp_msg
                0x000000000010fe74                dhcp_bld_disc
                0x000000000010ff53                dhcp_bld_req
                0x00000000001100ab                getlocalip
 .text          0x000000000011052c       0xf4 binaries/dot2ip.o
                0x000000000011052c                dot2ip
 .text          0x0000000000110620      0x528 binaries/hexdump.o
                0x0000000000110620                hexdump
                0x00000000001107ee                hexadump
 .text          0x0000000000110b48      0x939 binaries/icmp.o
                0x0000000000110b48                icmp_init
                0x0000000000110b8e                icmp_in
                0x0000000000110d6f                icmp_register
                0x0000000000110e79                icmp_recv
                0x0000000000111017                icmp_send
                0x00000000001110ac                icmp_mkpkt
                0x00000000001111e0                icmp_release
                0x00000000001112ed                icmp_cksum
                0x0000000000111383                icmp_hton
                0x0000000000111402                icmp_ntoh
 .text          0x0000000000111481      0x96c binaries/ip.o
                0x0000000000111481                ip_in
                0x0000000000111626                ip_send
                0x00000000001117a8                ip_local
                0x0000000000111809                ip_out
                0x0000000000111951                ipcksum
                0x00000000001119e1                ip_ntoh
                0x0000000000111ad8                ip_hton
                0x0000000000111bcf                ipout
                0x0000000000111d26                ip_enqueue
 .text          0x0000000000111ded      0x288 binaries/net.o
                0x0000000000111ded                net_init
                0x0000000000111f3d                netin
                0x000000000011200b                eth_hton
                0x0000000000112040                eth_ntoh
 .text          0x0000000000112075      0x156 binaries/netstart.o
                0x0000000000112075                netstart
 .text          0x00000000001121cb     0x15bc binaries/pdump.o
                0x00000000001121cb                pdump
                0x0000000000113023                pdumph
 .text          0x0000000000113787      0x68a binaries/tftp.o
                0x0000000000113787                tftp_send1
                0x000000000011391a                tftpget
                0x0000000000113956                tftpget_mb
 .text          0x0000000000113e11      0xc36 binaries/udp.o
                0x0000000000113e11                udp_init
                0x0000000000113e57                udp_in
                0x0000000000113faa                udp_register
                0x00000000001140f9                udp_recv
                0x00000000001142a8                udp_recvaddr
                0x000000000011446f                udp_send
                0x0000000000114672                udp_sendto
                0x000000000011483d                udp_release
                0x0000000000114949                udp_ntoh
                0x00000000001149c8                udp_hton
 .text          0x0000000000114a47      0x14d binaries/addargs.o
                0x0000000000114a47                addargs
 .text          0x0000000000114b94      0x2d1 binaries/lexan.o
                0x0000000000114b94                lexan
 .text          0x0000000000114e65      0x6dd binaries/shell.o
                0x0000000000114e65                shell
 .text          0x0000000000115542       0x7e binaries/xsh_argecho.o
                0x0000000000115542                xsh_argecho
 .text          0x00000000001155c0      0x2cc binaries/xsh_arp.o
                0x00000000001155c0                xsh_arp
 .text          0x000000000011588c      0x2ae binaries/xsh_cat.o
                0x000000000011588c                xsh_cat
 .text          0x0000000000115b3a       0x7a binaries/xsh_clear.o
                0x0000000000115b3a                xsh_clear
 .text          0x0000000000115bb4      0x354 binaries/xsh_date.o
                0x0000000000115bb4                xsh_date
 .text          0x0000000000115f08       0xcb binaries/xsh_devdump.o
                0x0000000000115f08                xsh_devdump
 .text          0x0000000000115fd3       0x87 binaries/xsh_echo.o
                0x0000000000115fd3                xsh_echo
 .text          0x000000000011605a       0x14 binaries/xsh_exit.o
                0x000000000011605a                xsh_exit
 .text          0x000000000011606e      0x3e9 binaries/xsh_help.o
                0x000000000011606e                xsh_help
 .text          0x0000000000116457      0x4ff binaries/xsh_ipaddr.o
                0x0000000000116457                xsh_ipaddr
 .text          0x0000000000116956      0x287 binaries/xsh_kill.o
                0x0000000000116956                xsh_kill
 .text          0x0000000000116bdd      0x578 binaries/xsh_memdump.o
                0x0000000000116bdd                xsh_memdump
 .text          0x0000000000117155      0x316 binaries/xsh_memstat.o
                0x0000000000117155                xsh_memstat
 .text          0x000000000011746b      0x3c2 binaries/xsh_ping.o
                0x000000000011746b                xsh_ping
 .text          0x000000000011782d      0x27c binaries/xsh_ps.o
                0x000000000011782d                xsh_ps
 .text          0x0000000000117aa9      0x266 binaries/xsh_sleep.o
                0x0000000000117aa9                xsh_sleep
 .text          0x0000000000117d0f      0x2d8 binaries/xsh_udpdump.o
                0x0000000000117d0f                xsh_udpdump
 .text          0x0000000000117fe7      0x532 binaries/xsh_udpecho.o
                0x0000000000117fe7                xsh_udpecho
 .text          0x0000000000118519      0x2fb binaries/xsh_udpeserver.o
                0x0000000000118519                xsh_udpeserver
 .text          0x0000000000118814      0x230 binaries/xsh_uptime.o
                0x0000000000118814                xsh_uptime
 .text          0x0000000000118a44       0xc2 binaries/allocate_bs.o
                0x0000000000118a44                allocate_bs
 .text          0x0000000000118b06       0xad binaries/close_bs.o
                0x0000000000118b06                close_bs
 .text          0x0000000000118bb3       0xd1 binaries/deallocate_bs.o
                0x0000000000118bb3                deallocate_bs
 .text          0x0000000000118c84      0x101 binaries/get_bs.o
                0x0000000000118c84                get_bs
 .text          0x0000000000118d85       0xad binaries/open_bs.o
                0x0000000000118d85                open_bs
 .text          0x0000000000118e32      0x14c binaries/psinit.o
                0x0000000000118e32                psinit
 .text          0x0000000000118f7e      0x1fd binaries/read_bs.o
                0x0000000000118f7e                read_bs
 .text          0x000000000011917b       0xe4 binaries/release_bs.o
                0x000000000011917b                release_bs
 .text          0x000000000011925f      0x1b1 binaries/write_bs.o
                0x000000000011925f                write_bs
 .text          0x0000000000119410        0xe binaries/clkdisp.o
                0x0000000000119410                clkdisp
 .text          0x000000000011941e       0x19 binaries/ctxsw.o
                0x000000000011941e                ctxsw
 .text          0x0000000000119437      0x368 binaries/intr.o
                0x0000000000119437                disable
                0x0000000000119440                restore
                0x000000000011944e                enable
                0x0000000000119450                pause
                0x0000000000119457                halt
                0x000000000011945a                spurious_irq7
                0x000000000011945f                spurious_irq15
                0x000000000011946e                _Xint0
                0x0000000000119479                _Xint1
                0x0000000000119484                _Xint2
                0x000000000011948f                _Xint3
                0x000000000011949a                _Xint4
                0x00000000001194a5                _Xint5
                0x00000000001194b0                _Xint6
                0x00000000001194bb                _Xint7
                0x00000000001194c6                _Xint8
                0x00000000001194d1                _Xint9
                0x00000000001194dc                _Xint10
                0x00000000001194e7                _Xint11
                0x00000000001194f5                _Xint12
                0x0000000000119503                _Xint13
                0x0000000000119511                _Xint14
                0x000000000011951f                _Xint15
                0x000000000011952d                _Xint16
                0x000000000011953b                _Xint17
                0x0000000000119549                _Xint18
                0x0000000000119557                _Xint19
                0x0000000000119565                _Xint20
                0x0000000000119573                _Xint21
                0x0000000000119581                _Xint22
                0x000000000011958f                _Xint23
                0x000000000011959d                _Xint24
                0x00000000001195ab                _Xint25
                0x00000000001195b9                _Xint26
                0x00000000001195c7                _Xint27
                0x00000000001195d5                _Xint28
                0x00000000001195e3                _Xint29
                0x00000000001195f1                _Xint30
                0x00000000001195ff                _Xint31
                0x000000000011960d                _Xint32
                0x000000000011961b                _Xint33
                0x0000000000119629                _Xint34
                0x0000000000119637                _Xint35
                0x0000000000119645                _Xint36
                0x0000000000119653                _Xint37
                0x0000000000119661                _Xint38
                0x000000000011966f                _Xint39
                0x000000000011967d                _Xint40
                0x000000000011968b                _Xint41
                0x0000000000119699                _Xint42
                0x00000000001196a7                _Xint43
                0x00000000001196b5                _Xint44
                0x00000000001196c3                _Xint45
                0x00000000001196d1                _Xint46
                0x00000000001196df                defevec
 .text          0x000000000011979f       0x13 binaries/pfisr.o
                0x000000000011979f                pfisr
 .text          0x00000000001197b2        0xf binaries/ttydispatch.o
                0x00000000001197b2                ttydispatch
 .text          0x00000000001197c1       0x13 binaries/ethdispatch.o
                0x00000000001197c1                ethdispatch
 *(.rodata .rodata.*)
 .rodata        0x00000000001197d4       0x8e binaries/ascdate.o
 .rodata        0x0000000000119862       0x5f binaries/conf.o
 .rodata        0x00000000001198c1        0x9 binaries/create.o
 *fill*         0x00000000001198ca        0x2 
 .rodata        0x00000000001198cc       0x83 binaries/early_imr.o
 *fill*         0x000000000011994f        0x1 
 .rodata        0x0000000000119950      0x231 binaries/evec.o
 *fill*         0x0000000000119b81        0x3 
 .rodata        0x0000000000119b84       0x60 binaries/getutime.o
 .rodata        0x0000000000119be4       0x57 binaries/hook.o
 *fill*         0x0000000000119c3b        0x1 
 .rodata        0x0000000000119c3c      0x13c binaries/initialize.o
 .rodata        0x0000000000119d78       0x20 binaries/kill.o
 .rodata        0x0000000000119d98        0x6 binaries/main.o
 .rodata        0x0000000000119d9e        0xf binaries/panic.o
 .rodata        0x0000000000119dad       0x1c binaries/ptinit.o
 *fill*         0x0000000000119dc9        0x3 
 .rodata        0x0000000000119dcc       0x25 binaries/ptsend.o
 .rodata        0x0000000000119df1       0x22 binaries/quark_pdat.o
 *fill*         0x0000000000119e13        0x1 
 .rodata        0x0000000000119e14       0xb7 binaries/stacktrace.o
 .rodata        0x0000000000119ecb       0x13 binaries/test1.o
 .rodata        0x0000000000119ede       0x14 binaries/test2.o
 .rodata        0x0000000000119ef2        0x9 binaries/vcreate.o
 .rodata        0x0000000000119efb        0xe binaries/vgetmem.o
 *fill*         0x0000000000119f09        0x3 
 .rodata        0x0000000000119f0c       0x27 binaries/xdone.o
 *fill*         0x0000000000119f33        0xd 
 .rodata        0x0000000000119f40       0x81 binaries/ctype_.o
                0x0000000000119f40                _ctype_
 *fill*         0x0000000000119fc1        0x3 
 .rodata        0x0000000000119fc4       0xee binaries/doprnt.o
 *fill*         0x000000000011a0b2        0x2 
 .rodata        0x000000000011a0b4       0x98 binaries/doscan.o
 .rodata        0x000000000011a14c       0xae binaries/fdoprnt.o
 *fill*         0x000000000011a1fa        0x2 
 .rodata        0x000000000011a1fc       0x20 binaries/ttycontrol.o
 .rodata        0x000000000011a21c       0x34 binaries/ttyhandler.o
 .rodata        0x000000000011a250       0x80 binaries/naminit.o
 .rodata        0x000000000011a2d0       0x46 binaries/ethinit.o
 *fill*         0x000000000011a316        0x2 
 .rodata        0x000000000011a318       0x2c binaries/rdsbufalloc.o
 .rodata        0x000000000011a344       0x76 binaries/rdscomm.o
 *fill*         0x000000000011a3ba        0x2 
 .rodata        0x000000000011a3bc       0x48 binaries/rdscontrol.o
 .rodata        0x000000000011a404       0x6a binaries/rdsinit.o
 *fill*         0x000000000011a46e        0x2 
 .rodata        0x000000000011a470       0x22 binaries/rdsopen.o
 *fill*         0x000000000011a492        0x2 
 .rodata        0x000000000011a494       0x4d binaries/rdsprocess.o
 .rodata        0x000000000011a4e1        0x9 binaries/raminit.o
 *fill*         0x000000000011a4ea        0x2 
 .rodata        0x000000000011a4ec       0x37 binaries/lfdballoc.o
 .rodata        0x000000000011a523       0x14 binaries/lfiballoc.o
 *fill*         0x000000000011a537        0x1 
 .rodata        0x000000000011a538       0x23 binaries/lflcontrol.o
 *fill*         0x000000000011a55b        0x1 
 .rodata        0x000000000011a55c       0xb7 binaries/lfsckfmt.o
 *fill*         0x000000000011a613        0x1 
 .rodata        0x000000000011a614       0x21 binaries/rflread.o
 *fill*         0x000000000011a635        0x3 
 .rodata        0x000000000011a638       0x21 binaries/rflwrite.o
 *fill*         0x000000000011a659        0x3 
 .rodata        0x000000000011a65c       0x75 binaries/rfscomm.o
 *fill*         0x000000000011a6d1        0x3 
 .rodata        0x000000000011a6d4       0x3c binaries/rfscontrol.o
 .rodata        0x000000000011a710       0x67 binaries/rfsinit.o
 *fill*         0x000000000011a777        0x1 
 .rodata        0x000000000011a778       0x2a binaries/rfsndmsg.o
 *fill*         0x000000000011a7a2        0x2 
 .rodata        0x000000000011a7a4       0x22 binaries/rfsopen.o
 *fill*         0x000000000011a7c6        0x2 
 .rodata        0x000000000011a7c8       0x3a binaries/arp.o
 *fill*         0x000000000011a802        0x2 
 .rodata        0x000000000011a804       0xef binaries/dhcp.o
 *fill*         0x000000000011a8f3        0x1 
 .rodata        0x000000000011a8f4       0xc9 binaries/hexdump.o
 *fill*         0x000000000011a9bd        0x3 
 .rodata        0x000000000011a9c0       0x29 binaries/icmp.o
 *fill*         0x000000000011a9e9        0x3 
 .rodata        0x000000000011a9ec       0x6e binaries/ip.o
 *fill*         0x000000000011aa5a        0x2 
 .rodata        0x000000000011aa5c       0x4f binaries/net.o
 *fill*         0x000000000011aaab        0x1 
 .rodata        0x000000000011aaac       0xcf binaries/netstart.o
 *fill*         0x000000000011ab7b        0x1 
 .rodata        0x000000000011ab7c      0x26f binaries/pdump.o
 *fill*         0x000000000011adeb        0x1 
 .rodata        0x000000000011adec      0x154 binaries/tftp.o
 .rodata        0x000000000011af40      0x2c5 binaries/shell.o
 .rodata        0x000000000011b205       0x28 binaries/xsh_argecho.o
 *fill*         0x000000000011b22d        0x3 
 .rodata        0x000000000011b230      0x123 binaries/xsh_arp.o
 *fill*         0x000000000011b353        0x1 
 .rodata        0x000000000011b354       0xc9 binaries/xsh_cat.o
 .rodata        0x000000000011b41d       0x15 binaries/xsh_clear.o
 *fill*         0x000000000011b432        0x2 
 .rodata        0x000000000011b434      0x1c3 binaries/xsh_date.o
 .rodata        0x000000000011b5f7       0x5d binaries/xsh_devdump.o
 .rodata        0x000000000011b654        0x9 binaries/xsh_echo.o
 *fill*         0x000000000011b65d        0x3 
 .rodata        0x000000000011b660      0x169 binaries/xsh_help.o
 *fill*         0x000000000011b7c9        0x3 
 .rodata        0x000000000011b7cc      0x194 binaries/xsh_ipaddr.o
 .rodata        0x000000000011b960      0x12e binaries/xsh_kill.o
 *fill*         0x000000000011ba8e        0x2 
 .rodata        0x000000000011ba90      0x252 binaries/xsh_memdump.o
 *fill*         0x000000000011bce2        0x2 
 .rodata        0x000000000011bce4      0x225 binaries/xsh_memstat.o
 *fill*         0x000000000011bf09        0x3 
 .rodata        0x000000000011bf0c      0x175 binaries/xsh_ping.o
 *fill*         0x000000000011c081        0x3 
 .rodata        0x000000000011c084      0x1a8 binaries/xsh_ps.o
 .rodata        0x000000000011c22c       0xeb binaries/xsh_sleep.o
 *fill*         0x000000000011c317        0x1 
 .rodata        0x000000000011c318      0x1b8 binaries/xsh_udpdump.o
 .rodata        0x000000000011c4d0      0x215 binaries/xsh_udpecho.o
 *fill*         0x000000000011c6e5        0x3 
 .rodata        0x000000000011c6e8      0x12b binaries/xsh_udpeserver.o
 *fill*         0x000000000011c813        0x1 
 .rodata        0x000000000011c814      0x105 binaries/xsh_uptime.o
 *fill*         0x000000000011c919        0x3 
 .rodata        0x000000000011c91c       0xb6 binaries/psinit.o
 *fill*         0x000000000011c9d2        0x2 
 .rodata        0x000000000011c9d4       0x75 binaries/read_bs.o
 *fill*         0x000000000011ca49        0x3 
 .rodata        0x000000000011ca4c       0x43 binaries/release_bs.o
 *fill*         0x000000000011ca8f        0x1 
 .rodata        0x000000000011ca90       0x74 binaries/write_bs.o
                0x000000000011cb04                etext = ABSOLUTE (.)
                0x000000000011d000                . = ALIGN (0x1000)
 *fill*         0x000000000011cb04      0x4fc 

.eh_frame       0x000000000011d000     0x3284
 .eh_frame      0x000000000011d000       0x50 binaries/ascdate.o
 .eh_frame      0x000000000011d050       0x34 binaries/bufinit.o
                                         0x4c (size before relaxing)
 .eh_frame      0x000000000011d084       0x38 binaries/chprio.o
                                         0x50 (size before relaxing)
 .eh_frame      0x000000000011d0bc       0x24 binaries/clkhandler.o
                                         0x50 (size before relaxing)
 .eh_frame      0x000000000011d0e0       0x24 binaries/clkinit.o
                                         0x50 (size before relaxing)
 .eh_frame      0x000000000011d104       0x24 binaries/close.o
                                         0x50 (size before relaxing)
 .eh_frame      0x000000000011d128       0x24 binaries/control.o
                                         0x50 (size before relaxing)
 .eh_frame      0x000000000011d14c       0x48 binaries/create.o
                                         0x88 (size before relaxing)
 .eh_frame      0x000000000011d194      0x114 binaries/early_imr.o
                                        0x154 (size before relaxing)
 .eh_frame      0x000000000011d2a8       0x90 binaries/evec.o
                                         0xd0 (size before relaxing)
 .eh_frame      0x000000000011d338       0x38 binaries/findfframe.o
                                         0x50 (size before relaxing)
 .eh_frame      0x000000000011d370       0x24 binaries/freebuf.o
                                         0x50 (size before relaxing)
 .eh_frame      0x000000000011d394       0x24 binaries/freemem.o
                                         0x50 (size before relaxing)
 .eh_frame      0x000000000011d3b8       0x24 binaries/getbuf.o
                                         0x50 (size before relaxing)
 .eh_frame      0x000000000011d3dc       0x24 binaries/getc.o
                                         0x50 (size before relaxing)
 .eh_frame      0x000000000011d400       0x24 binaries/getdev.o
                                         0x50 (size before relaxing)
 .eh_frame      0x000000000011d424       0x64 binaries/getitem.o
                                         0xa4 (size before relaxing)
 .eh_frame      0x000000000011d488       0x24 binaries/getmem.o
                                         0x50 (size before relaxing)
 .eh_frame      0x000000000011d4ac       0x20 binaries/getpid.o
                                         0x4c (size before relaxing)
 .eh_frame      0x000000000011d4cc       0x24 binaries/getprio.o
                                         0x50 (size before relaxing)
 .eh_frame      0x000000000011d4f0       0x24 binaries/getstk.o
                                         0x50 (size before relaxing)
 .eh_frame      0x000000000011d514       0x24 binaries/gettime.o
                                         0x50 (size before relaxing)
 .eh_frame      0x000000000011d538       0x24 binaries/getutime.o
                                         0x50 (size before relaxing)
 .eh_frame      0x000000000011d55c       0x90 binaries/hook.o
                                         0xd0 (size before relaxing)
 .eh_frame      0x000000000011d5ec       0x24 binaries/init.o
                                         0x50 (size before relaxing)
 .eh_frame      0x000000000011d610       0x80 binaries/initialize.o
                                         0xc0 (size before relaxing)
 .eh_frame      0x000000000011d690       0x6c binaries/initialize_paging.o
                                         0xac (size before relaxing)
 .eh_frame      0x000000000011d6fc       0x24 binaries/insert.o
                                         0x50 (size before relaxing)
 .eh_frame      0x000000000011d720       0x28 binaries/insertd.o
                                         0x54 (size before relaxing)
 .eh_frame      0x000000000011d748       0x20 binaries/ioerr.o
                                         0x4c (size before relaxing)
 .eh_frame      0x000000000011d768       0x20 binaries/ionull.o
                                         0x4c (size before relaxing)
 .eh_frame      0x000000000011d788       0x2c binaries/kill.o
                                         0x58 (size before relaxing)
 .eh_frame      0x000000000011d7b4       0x88 binaries/kprintf.o
                                         0xc8 (size before relaxing)
 .eh_frame      0x000000000011d83c       0x28 binaries/main.o
                                         0x54 (size before relaxing)
 .eh_frame      0x000000000011d864       0x48 binaries/mark.o
                                         0x74 (size before relaxing)
 .eh_frame      0x000000000011d8ac       0x44 binaries/meminit.o
                                         0x70 (size before relaxing)
 .eh_frame      0x000000000011d8f0       0x24 binaries/mkbufpool.o
                                         0x50 (size before relaxing)
 .eh_frame      0x000000000011d914       0x24 binaries/newqueue.o
                                         0x50 (size before relaxing)
 .eh_frame      0x000000000011d938       0x24 binaries/open.o
                                         0x50 (size before relaxing)
 .eh_frame      0x000000000011d95c       0x1c binaries/panic.o
                                         0x48 (size before relaxing)
 .eh_frame      0x000000000011d978      0x1c0 binaries/pci.o
                                        0x1ec (size before relaxing)
 .eh_frame      0x000000000011db38       0x4c binaries/pfhandler.o
                                         0x8c (size before relaxing)
 .eh_frame      0x000000000011db84       0x24 binaries/platinit.o
                                         0x50 (size before relaxing)
 .eh_frame      0x000000000011dba8       0x24 binaries/ptclear.o
                                         0x50 (size before relaxing)
 .eh_frame      0x000000000011dbcc       0x24 binaries/ptcount.o
                                         0x50 (size before relaxing)
 .eh_frame      0x000000000011dbf0       0x24 binaries/ptcreate.o
                                         0x50 (size before relaxing)
 .eh_frame      0x000000000011dc14       0x24 binaries/ptdelete.o
                                         0x50 (size before relaxing)
 .eh_frame      0x000000000011dc38       0x24 binaries/ptinit.o
                                         0x50 (size before relaxing)
 .eh_frame      0x000000000011dc5c       0x24 binaries/ptrecv.o
                                         0x50 (size before relaxing)
 .eh_frame      0x000000000011dc80       0x24 binaries/ptreset.o
                                         0x50 (size before relaxing)
 .eh_frame      0x000000000011dca4       0x24 binaries/ptsend.o
                                         0x50 (size before relaxing)
 .eh_frame      0x000000000011dcc8       0x24 binaries/putc.o
                                         0x50 (size before relaxing)
 .eh_frame      0x000000000011dcec       0x24 binaries/quark_irq.o
                                         0x50 (size before relaxing)
 .eh_frame      0x000000000011dd10       0x48 binaries/quark_pdat.o
                                         0x74 (size before relaxing)
 .eh_frame      0x000000000011dd58       0x48 binaries/queue.o
                                         0x88 (size before relaxing)
 .eh_frame      0x000000000011dda0       0x24 binaries/read.o
                                         0x50 (size before relaxing)
 .eh_frame      0x000000000011ddc4       0x28 binaries/ready.o
                                         0x54 (size before relaxing)
 .eh_frame      0x000000000011ddec       0x24 binaries/receive.o
                                         0x50 (size before relaxing)
 .eh_frame      0x000000000011de10       0x24 binaries/recvclr.o
                                         0x50 (size before relaxing)
 .eh_frame      0x000000000011de34       0x24 binaries/recvtime.o
                                         0x50 (size before relaxing)
 .eh_frame      0x000000000011de58       0x48 binaries/resched.o
                                         0x88 (size before relaxing)
 .eh_frame      0x000000000011dea0       0x24 binaries/resume.o
                                         0x50 (size before relaxing)
 .eh_frame      0x000000000011dec4       0x24 binaries/seek.o
                                         0x50 (size before relaxing)
 .eh_frame      0x000000000011dee8       0x24 binaries/semcount.o
                                         0x50 (size before relaxing)
 .eh_frame      0x000000000011df0c       0x48 binaries/semcreate.o
                                         0x88 (size before relaxing)
 .eh_frame      0x000000000011df54       0x24 binaries/semdelete.o
                                         0x50 (size before relaxing)
 .eh_frame      0x000000000011df78       0x24 binaries/semreset.o
                                         0x50 (size before relaxing)
 .eh_frame      0x000000000011df9c       0x24 binaries/send.o
                                         0x50 (size before relaxing)
 .eh_frame      0x000000000011dfc0       0x24 binaries/signal.o
                                         0x50 (size before relaxing)
 .eh_frame      0x000000000011dfe4       0x24 binaries/signaln.o
                                         0x50 (size before relaxing)
 .eh_frame      0x000000000011e008       0x44 binaries/sleep.o
                                         0x84 (size before relaxing)
 .eh_frame      0x000000000011e04c       0x24 binaries/stacktrace.o
                                         0x50 (size before relaxing)
 .eh_frame      0x000000000011e070       0x24 binaries/suspend.o
                                         0x50 (size before relaxing)
 .eh_frame      0x000000000011e094       0x24 binaries/test1.o
                                         0x50 (size before relaxing)
 .eh_frame      0x000000000011e0b8       0x24 binaries/test2.o
                                         0x50 (size before relaxing)
 .eh_frame      0x000000000011e0dc       0x24 binaries/unsleep.o
                                         0x50 (size before relaxing)
 .eh_frame      0x000000000011e100       0x24 binaries/userret.o
                                         0x50 (size before relaxing)
 .eh_frame      0x000000000011e124       0x48 binaries/vcreate.o
                                         0x88 (size before relaxing)
 .eh_frame      0x000000000011e16c       0x24 binaries/vfreemem.o
                                         0x50 (size before relaxing)
 .eh_frame      0x000000000011e190       0x2c binaries/vgetmem.o
                                         0x58 (size before relaxing)
 .eh_frame      0x000000000011e1bc       0x24 binaries/wait.o
                                         0x50 (size before relaxing)
 .eh_frame      0x000000000011e1e0       0x24 binaries/wakeup.o
                                         0x50 (size before relaxing)
 .eh_frame      0x000000000011e204       0x24 binaries/write.o
                                         0x50 (size before relaxing)
 .eh_frame      0x000000000011e228       0x24 binaries/xdone.o
                                         0x50 (size before relaxing)
 .eh_frame      0x000000000011e24c       0x24 binaries/yield.o
                                         0x50 (size before relaxing)
 .eh_frame      0x000000000011e270       0x20 binaries/abs.o
                                         0x4c (size before relaxing)
 .eh_frame      0x000000000011e290       0x20 binaries/atoi.o
                                         0x4c (size before relaxing)
 .eh_frame      0x000000000011e2b0       0x20 binaries/atol.o
                                         0x4c (size before relaxing)
 .eh_frame      0x000000000011e2d0       0x20 binaries/bzero.o
                                         0x4c (size before relaxing)
 .eh_frame      0x000000000011e2f0       0xcc binaries/doprnt.o
                                        0x10c (size before relaxing)
 .eh_frame      0x000000000011e3bc       0xc8 binaries/doscan.o
                                         0xf4 (size before relaxing)
 .eh_frame      0x000000000011e484       0xcc binaries/fdoprnt.o
                                        0x10c (size before relaxing)
 .eh_frame      0x000000000011e550       0x24 binaries/fgetc.o
                                         0x50 (size before relaxing)
 .eh_frame      0x000000000011e574       0x24 binaries/fgets.o
                                         0x50 (size before relaxing)
 .eh_frame      0x000000000011e598       0x24 binaries/fprintf.o
                                         0x50 (size before relaxing)
 .eh_frame      0x000000000011e5bc       0x24 binaries/fputc.o
                                         0x50 (size before relaxing)
 .eh_frame      0x000000000011e5e0       0x24 binaries/fputs.o
                                         0x50 (size before relaxing)
 .eh_frame      0x000000000011e604       0x68 binaries/fscanf.o
                                         0x94 (size before relaxing)
 .eh_frame      0x000000000011e66c       0x24 binaries/getchar.o
                                         0x50 (size before relaxing)
 .eh_frame      0x000000000011e690       0x20 binaries/labs.o
                                         0x4c (size before relaxing)
 .eh_frame      0x000000000011e6b0       0x20 binaries/memchr.o
                                         0x4c (size before relaxing)
 .eh_frame      0x000000000011e6d0       0x20 binaries/memcmp.o
                                         0x4c (size before relaxing)
 .eh_frame      0x000000000011e6f0       0x24 binaries/memcpy.o
                                         0x50 (size before relaxing)
 .eh_frame      0x000000000011e714       0x24 binaries/memset.o
                                         0x50 (size before relaxing)
 .eh_frame      0x000000000011e738       0x24 binaries/printf.o
                                         0x50 (size before relaxing)
 .eh_frame      0x000000000011e75c       0x24 binaries/putchar.o
                                         0x50 (size before relaxing)
 .eh_frame      0x000000000011e780       0xa4 binaries/qsort.o
                                         0xd0 (size before relaxing)
 .eh_frame      0x000000000011e824       0x40 binaries/rand.o
                                         0x6c (size before relaxing)
 .eh_frame      0x000000000011e864       0x44 binaries/sprintf.o
                                         0x70 (size before relaxing)
 .eh_frame      0x000000000011e8a8       0x64 binaries/sscanf.o
                                         0x90 (size before relaxing)
 .eh_frame      0x000000000011e90c       0x20 binaries/strchr.o
                                         0x4c (size before relaxing)
 .eh_frame      0x000000000011e92c       0x20 binaries/strcmp.o
                                         0x4c (size before relaxing)
 .eh_frame      0x000000000011e94c       0x20 binaries/strcpy.o
                                         0x4c (size before relaxing)
 .eh_frame      0x000000000011e96c       0x20 binaries/strlen.o
                                         0x4c (size before relaxing)
 .eh_frame      0x000000000011e98c       0x20 binaries/strncat.o
                                         0x4c (size before relaxing)
 .eh_frame      0x000000000011e9ac       0x20 binaries/strncmp.o
                                         0x4c (size before relaxing)
 .eh_frame      0x000000000011e9cc       0x28 binaries/strncpy.o
                                         0x54 (size before relaxing)
 .eh_frame      0x000000000011e9f4       0x20 binaries/strnlen.o
                                         0x4c (size before relaxing)
 .eh_frame      0x000000000011ea14       0x20 binaries/strrchr.o
                                         0x4c (size before relaxing)
 .eh_frame      0x000000000011ea34       0x20 binaries/strstr.o
                                         0x4c (size before relaxing)
 .eh_frame      0x000000000011ea54       0x24 binaries/ttycontrol.o
                                         0x50 (size before relaxing)
 .eh_frame      0x000000000011ea78       0x24 binaries/ttygetc.o
                                         0x50 (size before relaxing)
 .eh_frame      0x000000000011ea9c       0x88 binaries/ttyhandle_in.o
                                         0xdc (size before relaxing)
 .eh_frame      0x000000000011eb24       0x24 binaries/ttyhandle_out.o
                                         0x50 (size before relaxing)
 .eh_frame      0x000000000011eb48       0x24 binaries/ttyhandler.o
                                         0x50 (size before relaxing)
 .eh_frame      0x000000000011eb6c       0x24 binaries/ttyinit.o
                                         0x50 (size before relaxing)
 .eh_frame      0x000000000011eb90       0x20 binaries/ttykickout.o
                                         0x4c (size before relaxing)
 .eh_frame      0x000000000011ebb0       0x24 binaries/ttyputc.o
                                         0x50 (size before relaxing)
 .eh_frame      0x000000000011ebd4       0x24 binaries/ttyread.o
                                         0x50 (size before relaxing)
 .eh_frame      0x000000000011ebf8       0x24 binaries/ttywrite.o
                                         0x50 (size before relaxing)
 .eh_frame      0x000000000011ec1c       0x44 binaries/mount.o
                                         0x84 (size before relaxing)
 .eh_frame      0x000000000011ec60       0x24 binaries/naminit.o
                                         0x50 (size before relaxing)
 .eh_frame      0x000000000011ec84       0x68 binaries/nammap.o
                                         0xa8 (size before relaxing)
 .eh_frame      0x000000000011ecec       0x24 binaries/namopen.o
                                         0x50 (size before relaxing)
 .eh_frame      0x000000000011ed10       0x28 binaries/colon2mac.o
                                         0x54 (size before relaxing)
 .eh_frame      0x000000000011ed38       0x24 binaries/ethcontrol.o
                                         0x50 (size before relaxing)
 .eh_frame      0x000000000011ed5c       0x24 binaries/ethhandler.o
                                         0x50 (size before relaxing)
 .eh_frame      0x000000000011ed80       0xb8 binaries/ethinit.o
                                         0xf8 (size before relaxing)
 .eh_frame      0x000000000011ee38       0x48 binaries/ethmcast.o
                                         0x88 (size before relaxing)
 .eh_frame      0x000000000011ee80       0x24 binaries/ethread.o
                                         0x50 (size before relaxing)
 .eh_frame      0x000000000011eea4       0x24 binaries/ethwrite.o
                                         0x50 (size before relaxing)
 .eh_frame      0x000000000011eec8       0x24 binaries/rdsbufalloc.o
                                         0x50 (size before relaxing)
 .eh_frame      0x000000000011eeec       0x20 binaries/rdsclose.o
                                         0x4c (size before relaxing)
 .eh_frame      0x000000000011ef0c       0x24 binaries/rdscomm.o
                                         0x50 (size before relaxing)
 .eh_frame      0x000000000011ef30       0x24 binaries/rdscontrol.o
                                         0x50 (size before relaxing)
 .eh_frame      0x000000000011ef54       0x24 binaries/rdsinit.o
                                         0x50 (size before relaxing)
 .eh_frame      0x000000000011ef78       0x24 binaries/rdsopen.o
                                         0x50 (size before relaxing)
 .eh_frame      0x000000000011ef9c       0x1c binaries/rdsprocess.o
                                         0x48 (size before relaxing)
 .eh_frame      0x000000000011efb8       0x24 binaries/rdsread.o
                                         0x50 (size before relaxing)
 .eh_frame      0x000000000011efdc       0x24 binaries/rdswrite.o
                                         0x50 (size before relaxing)
 .eh_frame      0x000000000011f000       0x20 binaries/ramclose.o
                                         0x4c (size before relaxing)
 .eh_frame      0x000000000011f020       0x24 binaries/raminit.o
                                         0x50 (size before relaxing)
 .eh_frame      0x000000000011f044       0x20 binaries/ramopen.o
                                         0x4c (size before relaxing)
 .eh_frame      0x000000000011f064       0x24 binaries/ramread.o
                                         0x50 (size before relaxing)
 .eh_frame      0x000000000011f088       0x24 binaries/ramwrite.o
                                         0x50 (size before relaxing)
 .eh_frame      0x000000000011f0ac       0x24 binaries/lfdballoc.o
                                         0x50 (size before relaxing)
 .eh_frame      0x000000000011f0d0       0x24 binaries/lfdbfree.o
                                         0x50 (size before relaxing)
 .eh_frame      0x000000000011f0f4       0x24 binaries/lfflush.o
                                         0x50 (size before relaxing)
 .eh_frame      0x000000000011f118       0x20 binaries/lfgetmode.o
                                         0x4c (size before relaxing)
 .eh_frame      0x000000000011f138       0x24 binaries/lfiballoc.o
                                         0x50 (size before relaxing)
 .eh_frame      0x000000000011f15c       0x20 binaries/lfibclear.o
                                         0x4c (size before relaxing)
 .eh_frame      0x000000000011f17c       0x24 binaries/lfibget.o
                                         0x50 (size before relaxing)
 .eh_frame      0x000000000011f1a0       0x24 binaries/lfibput.o
                                         0x50 (size before relaxing)
 .eh_frame      0x000000000011f1c4       0x24 binaries/lflclose.o
                                         0x50 (size before relaxing)
 .eh_frame      0x000000000011f1e8       0x24 binaries/lflcontrol.o
                                         0x50 (size before relaxing)
 .eh_frame      0x000000000011f20c       0x24 binaries/lflgetc.o
                                         0x50 (size before relaxing)
 .eh_frame      0x000000000011f230       0x24 binaries/lflinit.o
                                         0x50 (size before relaxing)
 .eh_frame      0x000000000011f254       0x24 binaries/lflputc.o
                                         0x50 (size before relaxing)
 .eh_frame      0x000000000011f278       0x24 binaries/lflread.o
                                         0x50 (size before relaxing)
 .eh_frame      0x000000000011f29c       0x24 binaries/lflseek.o
                                         0x50 (size before relaxing)
 .eh_frame      0x000000000011f2c0       0x24 binaries/lflwrite.o
                                         0x50 (size before relaxing)
 .eh_frame      0x000000000011f2e4       0x24 binaries/lfsckfmt.o
                                         0x50 (size before relaxing)
 .eh_frame      0x000000000011f308       0x24 binaries/lfscreate.o
                                         0x50 (size before relaxing)
 .eh_frame      0x000000000011f32c       0x24 binaries/lfsetup.o
                                         0x50 (size before relaxing)
 .eh_frame      0x000000000011f350       0x24 binaries/lfsinit.o
                                         0x50 (size before relaxing)
 .eh_frame      0x000000000011f374       0x24 binaries/lfsopen.o
                                         0x50 (size before relaxing)
 .eh_frame      0x000000000011f398       0x24 binaries/lftruncate.o
                                         0x50 (size before relaxing)
 .eh_frame      0x000000000011f3bc       0x24 binaries/rflclose.o
                                         0x50 (size before relaxing)
 .eh_frame      0x000000000011f3e0       0x24 binaries/rflgetc.o
                                         0x50 (size before relaxing)
 .eh_frame      0x000000000011f404       0x20 binaries/rflinit.o
                                         0x4c (size before relaxing)
 .eh_frame      0x000000000011f424       0x24 binaries/rflputc.o
                                         0x50 (size before relaxing)
 .eh_frame      0x000000000011f448       0x24 binaries/rflread.o
                                         0x50 (size before relaxing)
 .eh_frame      0x000000000011f46c       0x24 binaries/rflseek.o
                                         0x50 (size before relaxing)
 .eh_frame      0x000000000011f490       0x24 binaries/rflwrite.o
                                         0x50 (size before relaxing)
 .eh_frame      0x000000000011f4b4       0x24 binaries/rfscomm.o
                                         0x50 (size before relaxing)
 .eh_frame      0x000000000011f4d8       0x24 binaries/rfscontrol.o
                                         0x50 (size before relaxing)
 .eh_frame      0x000000000011f4fc       0x20 binaries/rfsgetmode.o
                                         0x4c (size before relaxing)
 .eh_frame      0x000000000011f51c       0x24 binaries/rfsinit.o
                                         0x50 (size before relaxing)
 .eh_frame      0x000000000011f540       0x24 binaries/rfsndmsg.o
                                         0x50 (size before relaxing)
 .eh_frame      0x000000000011f564       0x24 binaries/rfsopen.o
                                         0x50 (size before relaxing)
 .eh_frame      0x000000000011f588       0xd0 binaries/arp.o
                                        0x124 (size before relaxing)
 .eh_frame      0x000000000011f658       0xac binaries/dhcp.o
                                         0xec (size before relaxing)
 .eh_frame      0x000000000011f704       0x20 binaries/dot2ip.o
                                         0x4c (size before relaxing)
 .eh_frame      0x000000000011f724       0x48 binaries/hexdump.o
                                         0x74 (size before relaxing)
 .eh_frame      0x000000000011f76c      0x168 binaries/icmp.o
                                        0x1bc (size before relaxing)
 .eh_frame      0x000000000011f8d4      0x130 binaries/ip.o
                                        0x170 (size before relaxing)
 .eh_frame      0x000000000011fa04       0x80 binaries/net.o
                                         0xc0 (size before relaxing)
 .eh_frame      0x000000000011fa84       0x30 binaries/netstart.o
                                         0x5c (size before relaxing)
 .eh_frame      0x000000000011fab4       0x60 binaries/pdump.o
                                         0xa0 (size before relaxing)
 .eh_frame      0x000000000011fb14       0x68 binaries/tftp.o
                                         0xa8 (size before relaxing)
 .eh_frame      0x000000000011fb7c      0x160 binaries/udp.o
                                        0x1b4 (size before relaxing)
 .eh_frame      0x000000000011fcdc       0x24 binaries/addargs.o
                                         0x50 (size before relaxing)
 .eh_frame      0x000000000011fd00       0x20 binaries/lexan.o
                                         0x4c (size before relaxing)
 .eh_frame      0x000000000011fd20       0x2c binaries/shell.o
                                         0x58 (size before relaxing)
 .eh_frame      0x000000000011fd4c       0x24 binaries/xsh_argecho.o
                                         0x50 (size before relaxing)
 .eh_frame      0x000000000011fd70       0x48 binaries/xsh_arp.o
                                         0x74 (size before relaxing)
 .eh_frame      0x000000000011fdb8       0x2c binaries/xsh_cat.o
                                         0x58 (size before relaxing)
 .eh_frame      0x000000000011fde4       0x28 binaries/xsh_clear.o
                                         0x54 (size before relaxing)
 .eh_frame      0x000000000011fe0c       0x2c binaries/xsh_date.o
                                         0x58 (size before relaxing)
 .eh_frame      0x000000000011fe38       0x24 binaries/xsh_devdump.o
                                         0x50 (size before relaxing)
 .eh_frame      0x000000000011fe5c       0x24 binaries/xsh_echo.o
                                         0x50 (size before relaxing)
 .eh_frame      0x000000000011fe80       0x20 binaries/xsh_exit.o
                                         0x4c (size before relaxing)
 .eh_frame      0x000000000011fea0       0x2c binaries/xsh_help.o
                                         0x58 (size before relaxing)
 .eh_frame      0x000000000011fecc       0x30 binaries/xsh_ipaddr.o
                                         0x5c (size before relaxing)
 .eh_frame      0x000000000011fefc       0x2c binaries/xsh_kill.o
                                         0x58 (size before relaxing)
 .eh_frame      0x000000000011ff28       0x4c binaries/xsh_memdump.o
                                         0x8c (size before relaxing)
 .eh_frame      0x000000000011ff74       0x74 binaries/xsh_memstat.o
                                         0xa0 (size before relaxing)
 .eh_frame      0x000000000011ffe8       0x30 binaries/xsh_ping.o
                                         0x5c (size before relaxing)
 .eh_frame      0x0000000000120018       0x30 binaries/xsh_ps.o
                                         0x5c (size before relaxing)
 .eh_frame      0x0000000000120048       0x2c binaries/xsh_sleep.o
                                         0x58 (size before relaxing)
 .eh_frame      0x0000000000120074       0x2c binaries/xsh_udpdump.o
                                         0x58 (size before relaxing)
 .eh_frame      0x00000000001200a0       0x30 binaries/xsh_udpecho.o
                                         0x5c (size before relaxing)
 .eh_frame      0x00000000001200d0       0x30 binaries/xsh_udpeserver.o
                                         0x5c (size before relaxing)
 .eh_frame      0x0000000000120100       0x2c binaries/xsh_uptime.o
                                         0x58 (size before relaxing)
 .eh_frame      0x000000000012012c       0x24 binaries/allocate_bs.o
                                         0x50 (size before relaxing)
 .eh_frame      0x0000000000120150       0x24 binaries/close_bs.o
                                         0x50 (size before relaxing)
 .eh_frame      0x0000000000120174       0x24 binaries/deallocate_bs.o
                                         0x50 (size before relaxing)
 .eh_frame      0x0000000000120198       0x28 binaries/get_bs.o
                                         0x54 (size before relaxing)
 .eh_frame      0x00000000001201c0       0x24 binaries/open_bs.o
                                         0x50 (size before relaxing)
 .eh_frame      0x00000000001201e4       0x24 binaries/psinit.o
                                         0x50 (size before relaxing)
 .eh_frame      0x0000000000120208       0x2c binaries/read_bs.o
                                         0x58 (size before relaxing)
 .eh_frame      0x0000000000120234       0x24 binaries/release_bs.o
                                         0x50 (size before relaxing)
 .eh_frame      0x0000000000120258       0x2c binaries/write_bs.o
                                         0x58 (size before relaxing)

.iplt           0x0000000000120288        0x0
 .iplt          0x0000000000120288        0x0 binaries/start.o

.rel.dyn        0x0000000000120284        0x0
 .rel.got       0x0000000000120284        0x0 binaries/start.o
 .rel.iplt      0x0000000000120284        0x0 binaries/start.o
 .rel.text      0x0000000000120284        0x0 binaries/start.o

.data           0x00000000001202a0     0x1d60
                0x00000000001202a0                data = ABSOLUTE (.)
 *(.data .data.*)
 .data          0x00000000001202a0      0x85a binaries/start.o
                0x00000000001202a0                gdt
                0x00000000001202f0                idt
                0x0000000000120af6                cpudelay
 .data          0x0000000000120afa        0x0 binaries/ascdate.o
 *fill*         0x0000000000120afa        0x6 
 .data.rel.local
                0x0000000000120b00       0x88 binaries/ascdate.o
                0x0000000000120b00                Date
 .data          0x0000000000120b88        0x0 binaries/bufinit.o
 .data          0x0000000000120b88        0x0 binaries/chprio.o
 .data          0x0000000000120b88        0x4 binaries/clkhandler.o
 .data          0x0000000000120b8c        0x0 binaries/clkinit.o
 .data          0x0000000000120b8c        0x0 binaries/close.o
 .data          0x0000000000120b8c        0x0 binaries/conf.o
 *fill*         0x0000000000120b8c       0x14 
 .data.rel      0x0000000000120ba0      0x30c binaries/conf.o
                0x0000000000120ba0                devtab
 .data          0x0000000000120eac        0x0 binaries/control.o
 .data          0x0000000000120eac        0x4 binaries/create.o
 .data          0x0000000000120eb0        0x0 binaries/early_imr.o
 .data          0x0000000000120eb0        0x0 binaries/evec.o
 *fill*         0x0000000000120eb0       0x10 
 .data.rel.local
                0x0000000000120ec0       0x40 binaries/evec.o
                0x0000000000120ec0                inames
 .data          0x0000000000120f00        0x0 binaries/findfframe.o
 .data          0x0000000000120f00        0x0 binaries/freebuf.o
 .data          0x0000000000120f00        0x0 binaries/freemem.o
 .data          0x0000000000120f00        0x0 binaries/getbuf.o
 .data          0x0000000000120f00        0x0 binaries/getc.o
 .data          0x0000000000120f00        0x0 binaries/getdev.o
 .data          0x0000000000120f00        0x0 binaries/getitem.o
 .data          0x0000000000120f00        0x0 binaries/getmem.o
 .data          0x0000000000120f00        0x0 binaries/getpid.o
 .data          0x0000000000120f00        0x0 binaries/getprio.o
 .data          0x0000000000120f00        0x0 binaries/getstk.o
 .data          0x0000000000120f00        0x0 binaries/gettime.o
 .data          0x0000000000120f00        0x0 binaries/getutime.o
 .data          0x0000000000120f00        0x0 binaries/hook.o
 .data          0x0000000000120f00        0x0 binaries/init.o
 .data          0x0000000000120f00        0x0 binaries/initialize.o
 .data          0x0000000000120f00        0x0 binaries/initialize_paging.o
 .data          0x0000000000120f00        0x0 binaries/insert.o
 .data          0x0000000000120f00        0x0 binaries/insertd.o
 .data          0x0000000000120f00        0x0 binaries/ioerr.o
 .data          0x0000000000120f00        0x0 binaries/ionull.o
 .data          0x0000000000120f00        0x0 binaries/kill.o
 .data          0x0000000000120f00        0x0 binaries/kprintf.o
 .data          0x0000000000120f00        0x0 binaries/main.o
 .data          0x0000000000120f00        0x0 binaries/mark.o
 .data          0x0000000000120f00       0x60 binaries/meminit.o
                0x0000000000120f00                bootsign
                0x0000000000120f04                bootinfo
                0x0000000000120f20                gdt_copy
 .data          0x0000000000120f60        0x0 binaries/mkbufpool.o
 .data          0x0000000000120f60        0x2 binaries/newqueue.o
 .data          0x0000000000120f62        0x0 binaries/open.o
 .data          0x0000000000120f62        0x0 binaries/panic.o
 .data          0x0000000000120f62        0x0 binaries/pci.o
 .data          0x0000000000120f62        0x0 binaries/pfhandler.o
 .data          0x0000000000120f62        0x0 binaries/platinit.o
 .data          0x0000000000120f62        0x0 binaries/ptclear.o
 .data          0x0000000000120f62        0x0 binaries/ptcount.o
 .data          0x0000000000120f62        0x0 binaries/ptcreate.o
 .data          0x0000000000120f62        0x0 binaries/ptdelete.o
 .data          0x0000000000120f62        0x0 binaries/ptinit.o
 .data          0x0000000000120f62        0x0 binaries/ptrecv.o
 .data          0x0000000000120f62        0x0 binaries/ptreset.o
 .data          0x0000000000120f62        0x0 binaries/ptsend.o
 .data          0x0000000000120f62        0x0 binaries/putc.o
 .data          0x0000000000120f62        0x0 binaries/quark_irq.o
 .data          0x0000000000120f62        0x0 binaries/quark_pdat.o
 .data          0x0000000000120f62        0x0 binaries/queue.o
 .data          0x0000000000120f62        0x0 binaries/read.o
 .data          0x0000000000120f62        0x0 binaries/ready.o
 .data          0x0000000000120f62        0x0 binaries/receive.o
 .data          0x0000000000120f62        0x0 binaries/recvclr.o
 .data          0x0000000000120f62        0x0 binaries/recvtime.o
 .data          0x0000000000120f62        0x0 binaries/resched.o
 .data          0x0000000000120f62        0x0 binaries/resume.o
 .data          0x0000000000120f62        0x0 binaries/seek.o
 .data          0x0000000000120f62        0x0 binaries/semcount.o
 .data          0x0000000000120f62        0x0 binaries/semcreate.o
 .data          0x0000000000120f62        0x0 binaries/semdelete.o
 .data          0x0000000000120f62        0x0 binaries/semreset.o
 .data          0x0000000000120f62        0x0 binaries/send.o
 .data          0x0000000000120f62        0x0 binaries/signal.o
 .data          0x0000000000120f62        0x0 binaries/signaln.o
 .data          0x0000000000120f62        0x0 binaries/sleep.o
 .data          0x0000000000120f62        0x0 binaries/stacktrace.o
 .data          0x0000000000120f62        0x0 binaries/suspend.o
 .data          0x0000000000120f62        0x0 binaries/test1.o
 .data          0x0000000000120f62        0x0 binaries/test2.o
 .data          0x0000000000120f62        0x0 binaries/unsleep.o
 .data          0x0000000000120f62        0x0 binaries/userret.o
 *fill*         0x0000000000120f62        0x2 
 .data          0x0000000000120f64        0x4 binaries/vcreate.o
 .data          0x0000000000120f68        0x0 binaries/vfreemem.o
 .data          0x0000000000120f68        0x0 binaries/vgetmem.o
 .data          0x0000000000120f68        0x0 binaries/wait.o
 .data          0x0000000000120f68        0x0 binaries/wakeup.o
 .data          0x0000000000120f68        0x0 binaries/write.o
 .data          0x0000000000120f68        0x0 binaries/xdone.o
 .data          0x0000000000120f68        0x0 binaries/yield.o
 .data          0x0000000000120f68        0x0 binaries/abs.o
 .data          0x0000000000120f68        0x0 binaries/atoi.o
 .data          0x0000000000120f68        0x0 binaries/atol.o
 .data          0x0000000000120f68        0x0 binaries/bzero.o
 .data          0x0000000000120f68        0x0 binaries/ctype_.o
 .data          0x0000000000120f68        0x0 binaries/doprnt.o
 *fill*         0x0000000000120f68       0x18 
 .data          0x0000000000120f80       0x80 binaries/doscan.o
                0x0000000000120f80                _sctab
 .data          0x0000000000121000        0x0 binaries/fdoprnt.o
 .data          0x0000000000121000        0x0 binaries/fgetc.o
 .data          0x0000000000121000        0x0 binaries/fgets.o
 .data          0x0000000000121000        0x0 binaries/fprintf.o
 .data          0x0000000000121000        0x0 binaries/fputc.o
 .data          0x0000000000121000        0x0 binaries/fputs.o
 .data          0x0000000000121000        0x0 binaries/fscanf.o
 .data          0x0000000000121000        0x0 binaries/getchar.o
 .data          0x0000000000121000        0x0 binaries/labs.o
 .data          0x0000000000121000        0x0 binaries/memchr.o
 .data          0x0000000000121000        0x0 binaries/memcmp.o
 .data          0x0000000000121000        0x0 binaries/memcpy.o
 .data          0x0000000000121000        0x0 binaries/memset.o
 .data          0x0000000000121000        0x0 binaries/printf.o
 .data          0x0000000000121000        0x0 binaries/putchar.o
 .data          0x0000000000121000        0x0 binaries/qsort.o
 .data          0x0000000000121000        0x4 binaries/rand.o
 .data          0x0000000000121004        0x0 binaries/sprintf.o
 .data          0x0000000000121004        0x0 binaries/sscanf.o
 .data          0x0000000000121004        0x0 binaries/strchr.o
 .data          0x0000000000121004        0x0 binaries/strcmp.o
 .data          0x0000000000121004        0x0 binaries/strcpy.o
 .data          0x0000000000121004        0x0 binaries/strlen.o
 .data          0x0000000000121004        0x0 binaries/strncat.o
 .data          0x0000000000121004        0x0 binaries/strncmp.o
 .data          0x0000000000121004        0x0 binaries/strncpy.o
 .data          0x0000000000121004        0x0 binaries/strnlen.o
 .data          0x0000000000121004        0x0 binaries/strrchr.o
 .data          0x0000000000121004        0x0 binaries/strstr.o
 .data          0x0000000000121004        0x0 binaries/ttycontrol.o
 .data          0x0000000000121004        0x0 binaries/ttygetc.o
 .data          0x0000000000121004        0x0 binaries/ttyhandle_in.o
 .data          0x0000000000121004        0x0 binaries/ttyhandle_out.o
 .data          0x0000000000121004        0x0 binaries/ttyhandler.o
 .data          0x0000000000121004        0x0 binaries/ttyinit.o
 .data          0x0000000000121004        0x0 binaries/ttykickout.o
 .data          0x0000000000121004        0x0 binaries/ttyputc.o
 .data          0x0000000000121004        0x0 binaries/ttyread.o
 .data          0x0000000000121004        0x0 binaries/ttywrite.o
 .data          0x0000000000121004        0x0 binaries/mount.o
 .data          0x0000000000121004        0x0 binaries/naminit.o
 .data          0x0000000000121004        0x0 binaries/nammap.o
 .data          0x0000000000121004        0x0 binaries/namopen.o
 .data          0x0000000000121004        0x0 binaries/colon2mac.o
 .data          0x0000000000121004        0x0 binaries/ethcontrol.o
 .data          0x0000000000121004        0x0 binaries/ethhandler.o
 .data          0x0000000000121004        0x0 binaries/ethinit.o
 .data          0x0000000000121004        0x0 binaries/ethmcast.o
 .data          0x0000000000121004        0x0 binaries/ethread.o
 .data          0x0000000000121004        0x0 binaries/ethwrite.o
 .data          0x0000000000121004        0x0 binaries/rdsbufalloc.o
 .data          0x0000000000121004        0x0 binaries/rdsclose.o
 .data          0x0000000000121004        0x0 binaries/rdscomm.o
 .data          0x0000000000121004        0x0 binaries/rdscontrol.o
 .data          0x0000000000121004        0x0 binaries/rdsinit.o
 .data          0x0000000000121004        0x0 binaries/rdsopen.o
 .data          0x0000000000121004        0x0 binaries/rdsprocess.o
 .data          0x0000000000121004        0x0 binaries/rdsread.o
 .data          0x0000000000121004        0x0 binaries/rdswrite.o
 .data          0x0000000000121004        0x0 binaries/ramclose.o
 .data          0x0000000000121004        0x0 binaries/raminit.o
 .data          0x0000000000121004        0x0 binaries/ramopen.o
 .data          0x0000000000121004        0x0 binaries/ramread.o
 .data          0x0000000000121004        0x0 binaries/ramwrite.o
 .data          0x0000000000121004        0x0 binaries/lfdballoc.o
 .data          0x0000000000121004        0x0 binaries/lfdbfree.o
 .data          0x0000000000121004        0x0 binaries/lfflush.o
 .data          0x0000000000121004        0x0 binaries/lfgetmode.o
 .data          0x0000000000121004        0x0 binaries/lfiballoc.o
 .data          0x0000000000121004        0x0 binaries/lfibclear.o
 .data          0x0000000000121004        0x0 binaries/lfibget.o
 .data          0x0000000000121004        0x0 binaries/lfibput.o
 .data          0x0000000000121004        0x0 binaries/lflclose.o
 .data          0x0000000000121004        0x0 binaries/lflcontrol.o
 .data          0x0000000000121004        0x0 binaries/lflgetc.o
 .data          0x0000000000121004        0x0 binaries/lflinit.o
 .data          0x0000000000121004        0x0 binaries/lflputc.o
 .data          0x0000000000121004        0x0 binaries/lflread.o
 .data          0x0000000000121004        0x0 binaries/lflseek.o
 .data          0x0000000000121004        0x0 binaries/lflwrite.o
 .data          0x0000000000121004        0x0 binaries/lfsckfmt.o
 .data          0x0000000000121004        0x0 binaries/lfscreate.o
 .data          0x0000000000121004        0x0 binaries/lfsetup.o
 .data          0x0000000000121004        0x0 binaries/lfsinit.o
 .data          0x0000000000121004        0x0 binaries/lfsopen.o
 .data          0x0000000000121004        0x0 binaries/lftruncate.o
 .data          0x0000000000121004        0x0 binaries/rflclose.o
 .data          0x0000000000121004        0x0 binaries/rflgetc.o
 .data          0x0000000000121004        0x0 binaries/rflinit.o
 .data          0x0000000000121004        0x0 binaries/rflputc.o
 .data          0x0000000000121004        0x0 binaries/rflread.o
 .data          0x0000000000121004        0x0 binaries/rflseek.o
 .data          0x0000000000121004        0x0 binaries/rflwrite.o
 .data          0x0000000000121004        0x0 binaries/rfscomm.o
 .data          0x0000000000121004        0x0 binaries/rfscontrol.o
 .data          0x0000000000121004        0x0 binaries/rfsgetmode.o
 .data          0x0000000000121004        0x0 binaries/rfsinit.o
 .data          0x0000000000121004        0x0 binaries/rfsndmsg.o
 .data          0x0000000000121004        0x0 binaries/rfsopen.o
 .data          0x0000000000121004        0x0 binaries/arp.o
 .data          0x0000000000121004        0x0 binaries/dhcp.o
 .data          0x0000000000121004        0x0 binaries/dot2ip.o
 .data          0x0000000000121004        0x0 binaries/hexdump.o
 .data          0x0000000000121004        0x4 binaries/icmp.o
 .data          0x0000000000121008        0x0 binaries/ip.o
 .data          0x0000000000121008        0x0 binaries/net.o
 .data          0x0000000000121008        0x0 binaries/netstart.o
 .data          0x0000000000121008        0x0 binaries/pdump.o
 .data          0x0000000000121008        0x0 binaries/tftp.o
 .data          0x0000000000121008        0x4 binaries/udp.o
 .data          0x000000000012100c        0x0 binaries/addargs.o
 .data          0x000000000012100c        0x0 binaries/lexan.o
 .data          0x000000000012100c        0x4 binaries/shell.o
                0x000000000012100c                ncmd
 *fill*         0x0000000000121010       0x10 
 .data.rel.ro   0x0000000000121020       0xfc binaries/shell.o
                0x0000000000121020                cmdtab
 .data          0x000000000012111c        0x0 binaries/xsh_argecho.o
 .data          0x000000000012111c        0x0 binaries/xsh_arp.o
 .data          0x000000000012111c        0x0 binaries/xsh_cat.o
 .data          0x000000000012111c        0x0 binaries/xsh_clear.o
 .data          0x000000000012111c        0x0 binaries/xsh_date.o
 .data          0x000000000012111c        0x0 binaries/xsh_devdump.o
 .data          0x000000000012111c        0x0 binaries/xsh_echo.o
 .data          0x000000000012111c        0x0 binaries/xsh_exit.o
 .data          0x000000000012111c        0x0 binaries/xsh_help.o