
Allocating common symbols
Common symbol       size              file

netbufpool          0x4               binaries/net.o
readylist           0x2               binaries/ready.o
rfltab              0x5a0             binaries/rflinit.o
sleepq              0x2               binaries/clkinit.o
p                   0x4               binaries/initialize_paging.o
PAGE_SERVER_STATUS  0x1               binaries/initialize.o
nnames              0x4               binaries/naminit.o
pf_counter          0x4               binaries/initialize.o
udptab              0x168             binaries/udp.o
minheap             0x4               binaries/meminit.o
marks               0x50              binaries/mark.o
currpid             0x4               binaries/initialize.o
Lf_data             0x20c             binaries/lfsinit.o
pgft_sem            0x4               binaries/initialize.o
porttab             0x2d0             binaries/ptinit.o
girmask             0x2               binaries/evec.o
ttytab              0x10c             binaries/ttyinit.o
bs_sem              0x4               binaries/psinit.o
proctab             0x1a90            binaries/initialize.o
prcount             0x4               binaries/initialize.o
lfltab              0xf00             binaries/lflinit.o
rdstab              0x8c              binaries/rdsinit.o
ethertab            0x138             binaries/ethinit.o
NetData             0xa8              binaries/net.o
nmarks              0x4               binaries/mark.o
Defer               0x8               binaries/resched.o
semtab              0x4b0             binaries/initialize.o
maxheap             0x4               binaries/meminit.o
preempt             0x4               binaries/clkinit.o
buftab              0xf0              binaries/bufinit.o
Rf_data             0x18              binaries/rfsinit.o
mkmutex             0x4               binaries/mark.o
bstab               0x80              binaries/psinit.o
clktime             0x4               binaries/clkinit.o
ipagetab            0x12000           binaries/initialize.o
arpcache            0x140             binaries/arp.o
icmptab             0x230             binaries/icmp.o
nbpools             0x4               binaries/bufinit.o
queuetab            0x980             binaries/queue.o
_cr2                0x4               binaries/pf_handler.o
ptnextid            0x4               binaries/ptinit.o
Ram                 0x19000           binaries/raminit.o
ipoqueue            0x2c              binaries/ip.o
bs_init_sem         0x4               binaries/initialize.o
memlist             0x8               binaries/initialize.o
nametab             0x19a0            binaries/naminit.o
ptfree              0x4               binaries/ptinit.o

Discarded input sections

 .group         0x0000000000000000        0x8 binaries/ascdate.o
 .group         0x0000000000000000        0x8 binaries/bufinit.o
 .group         0x0000000000000000        0x8 binaries/chprio.o
 .group         0x0000000000000000        0x8 binaries/clkhandler.o
 .text.__x86.get_pc_thunk.bx
                0x0000000000000000        0x4 binaries/clkhandler.o
 .group         0x0000000000000000        0x8 binaries/clkinit.o
 .text.__x86.get_pc_thunk.bx
                0x0000000000000000        0x4 binaries/clkinit.o
 .group         0x0000000000000000        0x8 binaries/close.o
 .text.__x86.get_pc_thunk.bx
                0x0000000000000000        0x4 binaries/close.o
 .group         0x0000000000000000        0x8 binaries/control.o
 .text.__x86.get_pc_thunk.bx
                0x0000000000000000        0x4 binaries/control.o
 .group         0x0000000000000000        0x8 binaries/create.o
 .group         0x0000000000000000        0x8 binaries/create.o
 .text.__x86.get_pc_thunk.cx
                0x0000000000000000        0x4 binaries/create.o
 .text.__x86.get_pc_thunk.bx
                0x0000000000000000        0x4 binaries/create.o
 .group         0x0000000000000000        0x8 binaries/early_imr.o
 .group         0x0000000000000000        0x8 binaries/early_imr.o
 .text.__x86.get_pc_thunk.ax
                0x0000000000000000        0x4 binaries/early_imr.o
 .text.__x86.get_pc_thunk.bx
                0x0000000000000000        0x4 binaries/early_imr.o
 .group         0x0000000000000000        0x8 binaries/evec.o
 .group         0x0000000000000000        0x8 binaries/evec.o
 .text.__x86.get_pc_thunk.ax
                0x0000000000000000        0x4 binaries/evec.o
 .text.__x86.get_pc_thunk.bx
                0x0000000000000000        0x4 binaries/evec.o
 .group         0x0000000000000000        0x8 binaries/freebuf.o
 .text.__x86.get_pc_thunk.bx
                0x0000000000000000        0x4 binaries/freebuf.o
 .group         0x0000000000000000        0x8 binaries/freemem.o
 .text.__x86.get_pc_thunk.bx
                0x0000000000000000        0x4 binaries/freemem.o
 .group         0x0000000000000000        0x8 binaries/getbuf.o
 .text.__x86.get_pc_thunk.bx
[...]
Memory Configuration

Name             Origin             Length             Attributes
*default*        0x0000000000000000 0xffffffffffffffff

Linker script and memory map

                0x0000000000100000                physbase = 0x100000
                0x0000000000100000                . = physbase
                0x0000000000100000                . = ALIGN (0x1000)

.text           0x0000000000100000    0x1d000
                0x0000000000100000                text = ABSOLUTE (.)
 *(.text .text.*)
 .text          0x0000000000100000      0x148 binaries/start.o
                0x0000000000100024                start
                0x0000000000100096                inb
                0x000000000010009e                inw
                0x00000000001000a7                inl
                0x00000000001000af                outb
                0x00000000001000b9                outw
                0x00000000001000c4                outl
                0x00000000001000ce                _rtcin
                0x00000000001000d9                ___udivsi3
                0x00000000001000e4                ___divsi3
                0x00000000001000f0                sbzero
                0x0000000000100100                bcopy
                0x0000000000100114                insw
                0x000000000010012a                outsw
                0x0000000000100140                lidt
 .text          0x0000000000100148      0x404 binaries/ascdate.o
                0x0000000000100148                ascdate
 .text.__x86.get_pc_thunk.cx
                0x000000000010054c        0x4 binaries/ascdate.o
                0x000000000010054c                __x86.get_pc_thunk.cx
 .text          0x0000000000100550       0x20 binaries/bufinit.o
                0x0000000000100550                bufinit
 .text.__x86.get_pc_thunk.ax
                0x0000000000100570        0x4 binaries/bufinit.o
                0x0000000000100570                __x86.get_pc_thunk.ax
 .text          0x0000000000100574       0xa2 binaries/chprio.o
                0x0000000000100574                chprio
 .text.__x86.get_pc_thunk.bx
                0x0000000000100616        0x4 binaries/chprio.o
                0x0000000000100616                __x86.get_pc_thunk.bx
 .text          0x000000000010061a       0xd7 binaries/clkhandler.o
                0x000000000010061a                clkhandler
 .text          0x00000000001006f1       0x95 binaries/clkinit.o
                0x00000000001006f1                clkinit
 .text          0x0000000000100786       0x86 binaries/close.o
                0x0000000000100786                close
 .text          0x000000000010080c        0x0 binaries/conf.o
 .text          0x000000000010080c       0x8c binaries/control.o
                0x000000000010080c                control
 .text          0x0000000000100898      0x58b binaries/create.o
                0x0000000000100898                create
 .text          0x0000000000100e23      0x30e binaries/early_imr.o
                0x0000000000100e23                intel_cln_early_sb_read_reg
                0x0000000000100eb4                intel_cln_early_sb_write_reg
                0x0000000000101093                remove_irm_protections
 .text          0x0000000000101131      0x4c6 binaries/evec.o
                0x0000000000101131                initevec
                0x0000000000101242                set_evec
                0x0000000000101300                setirmask
                0x0000000000101372                trap
 .text          0x00000000001015f7       0xa1 binaries/freebuf.o
                0x00000000001015f7                freebuf
 .text          0x0000000000101698      0x195 binaries/freemem.o
                0x0000000000101698                freemem
 .text          0x000000000010182d       0x9f binaries/getbuf.o
                0x000000000010182d                getbuf
 .text          0x00000000001018cc       0x86 binaries/getc.o
                0x00000000001018cc                getc
 .text          0x0000000000101952       0x86 binaries/getdev.o
                0x0000000000101952                getdev
 .text          0x00000000001019d8      0x111 binaries/getitem.o
                0x00000000001019d8                getfirst
                0x0000000000101a2e                getlast
                0x0000000000101a86                getitem
 .text.__x86.get_pc_thunk.dx
                0x0000000000101ae9        0x4 binaries/getitem.o
                0x0000000000101ae9                __x86.get_pc_thunk.dx
 .text          0x0000000000101aed      0x132 binaries/getmem.o
                0x0000000000101aed                getmem
 .text          0x0000000000101c1f       0x17 binaries/getpid.o
                0x0000000000101c1f                getpid
 .text          0x0000000000101c36       0x8c binaries/getprio.o
                0x0000000000101c36                getprio
 .text          0x0000000000101cc2      0x119 binaries/getstk.o
                0x0000000000101cc2                getstk
 .text          0x0000000000101ddb       0x4a binaries/gettime.o
                0x0000000000101ddb                gettime
 .text          0x0000000000101e25      0x1f4 binaries/getutime.o
                0x0000000000101e25                getutime
 .text          0x0000000000102019       0x86 binaries/init.o
                0x0000000000102019                init
 .text          0x000000000010209f      0x3cd binaries/initialize.o
                0x000000000010209f                nulluser
                0x00000000001023f9                stop
                0x0000000000102434                delay
 .text          0x000000000010246c      0x509 binaries/initialize_paging.o
                0x000000000010246c                initialize_paging
 .text          0x0000000000102975      0x105 binaries/insert.o
                0x0000000000102975                insert
 .text          0x0000000000102a7a      0x13e binaries/insertd.o
                0x0000000000102a7a                insertd
 .text          0x0000000000102bb8       0xf5 binaries/instrumentation_hooks.o
                0x0000000000102bb8                hook_ptable_create
                0x0000000000102be6                hook_ptable_delete
                0x0000000000102c14                hook_pfault
                0x0000000000102c42                hook_pswap_out
                0x0000000000102c73                get_faults
 .text          0x0000000000102cad       0x14 binaries/ioerr.o
                0x0000000000102cad                ioerr
 .text          0x0000000000102cc1       0x14 binaries/ionull.o
                0x0000000000102cc1                ionull
 .text          0x0000000000102cd5      0x349 binaries/kill.o
                0x0000000000102cd5                kill
 .text          0x000000000010301e      0x15d binaries/kprintf.o
                0x000000000010301e                console_init
                0x000000000010307b                kputc
                0x00000000001030e1                kgetc
                0x000000000010313f                kprintf
 .text          0x000000000010317b       0x64 binaries/Lab5_test1.o
                0x000000000010317b                Lab5_test1
 .text          0x00000000001031df       0x39 binaries/Lab5_test2.o
                0x00000000001031df                Lab5_test2
 .text          0x0000000000103218       0x4e binaries/main.o
                0x0000000000103218                main
 .text          0x0000000000103266       0xf0 binaries/mark.o
                0x0000000000103266                markinit
                0x00000000001032a1                mark
 .text          0x0000000000103356      0x18f binaries/meminit.o
                0x0000000000103356                meminit
                0x00000000001033ff                setsegs
 .text          0x00000000001034e5      0x179 binaries/mkbufpool.o
                0x00000000001034e5                mkbufpool
 .text          0x000000000010365e       0xbb binaries/newqueue.o
                0x000000000010365e                newqueue
 .text          0x0000000000103719       0xce binaries/obtain_free_frame.o
                0x0000000000103719                findfframe
                0x0000000000103780                findfpage
 .text          0x00000000001037e7       0x8c binaries/open.o
                0x00000000001037e7                open
 .text          0x0000000000103873       0x2e binaries/panic.o
                0x0000000000103873                panic
 .text          0x00000000001038a1      0x491 binaries/pci.o
                0x00000000001038a1                pci_init
                0x0000000000103967                find_pci_device
                0x0000000000103a42                pci_read_config_byte
                0x0000000000103aaa                pci_read_config_word
                0x0000000000103b14                pci_read_config_dword
                0x0000000000103b7c                pci_write_config_byte
                0x0000000000103be8                pci_write_config_word
                0x0000000000103c56                pci_write_config_dword
                0x0000000000103cbc                pci_get_dev_mmio_base_addr
 .text          0x0000000000103d32      0x4f4 binaries/pf_handler.o
                0x0000000000103d32                pf_handler
 .text          0x0000000000104226       0x76 binaries/platinit.o
                0x0000000000104226                platinit
 .text          0x000000000010429c      0x105 binaries/ptclear.o
                0x000000000010429c                _ptclear
 .text          0x00000000001043a1       0xaf binaries/ptcount.o
                0x00000000001043a1                ptcount
 .text          0x0000000000104450      0x138 binaries/ptcreate.o
                0x0000000000104450                ptcreate
 .text          0x0000000000104588       0x94 binaries/ptdelete.o
                0x0000000000104588                ptdelete
 .text          0x000000000010461c       0xe7 binaries/ptinit.o
                0x000000000010461c                ptinit
 .text          0x0000000000104703      0x135 binaries/ptrecv.o
                0x0000000000104703                ptrecv
 .text          0x0000000000104838       0x89 binaries/ptreset.o
                0x0000000000104838                ptreset
 .text          0x00000000001048c1      0x15a binaries/ptsend.o
                0x00000000001048c1                ptsend
 .text          0x0000000000104a1b       0x91 binaries/putc.o
                0x0000000000104a1b                putc
 .text          0x0000000000104aac       0xdb binaries/quark_irq.o
                0x0000000000104aac                quark_irq_routing
 .text          0x0000000000104b87      0x20f binaries/quark_pdat.o
                0x0000000000104b87                get_quark_pdat_entry_data_by_id
                0x0000000000104c89                get_quark_pdat_entry_data_by_desc
 .text          0x0000000000104d96      0x144 binaries/queue.o
                0x0000000000104d96                enqueue
                0x0000000000104e55                dequeue
 .text          0x0000000000104eda       0x8c binaries/read.o
                0x0000000000104eda                read
 .text          0x0000000000104f66       0x8c binaries/ready.o
                0x0000000000104f66                ready
 .text          0x0000000000104ff2       0x74 binaries/receive.o
                0x0000000000104ff2                receive
 .text          0x0000000000105066       0x70 binaries/recvclr.o
                0x0000000000105066                recvclr
 .text          0x00000000001050d6       0xd5 binaries/recvtime.o
                0x00000000001050d6                recvtime
 .text          0x00000000001051ab      0x1ce binaries/resched.o
                0x00000000001051ab                resched
                0x00000000001052db                resched_cntl
 .text          0x0000000000105379       0xbf binaries/resume.o
                0x0000000000105379                resume
 .text          0x0000000000105438       0x8a binaries/seek.o
                0x0000000000105438                seek
 .text          0x00000000001054c2       0x87 binaries/semcount.o
                0x00000000001054c2                semcount
 .text          0x0000000000105549      0x100 binaries/semcreate.o
                0x0000000000105549                semcreate
 .text          0x0000000000105649       0xdf binaries/semdelete.o
                0x0000000000105649                semdelete
 .text          0x0000000000105728       0xe3 binaries/semreset.o
                0x0000000000105728                semreset
 .text          0x000000000010580b      0x105 binaries/send.o
                0x000000000010580b                send
 .text          0x0000000000105910       0xba binaries/signal.o
                0x0000000000105910                signal
 .text          0x00000000001059ca       0xe8 binaries/signaln.o
                0x00000000001059ca                signaln
 .text          0x0000000000105ab2      0x107 binaries/sleep.o
                0x0000000000105ab2                sleep
                0x0000000000105b04                sleepms
 .text          0x0000000000105bb9      0x1c8 binaries/stacktrace.o
                0x0000000000105bb9                stacktrace
 .text          0x0000000000105d81       0xf5 binaries/suspend.o
                0x0000000000105d81                suspend
 .text          0x0000000000105e76      0x100 binaries/unsleep.o
                0x0000000000105e76                unsleep
 .text          0x0000000000105f76       0x29 binaries/userret.o
                0x0000000000105f76                userret
 .text          0x0000000000105f9f      0x5c0 binaries/vcreate.o
                0x0000000000105f9f                vcreate
 .text          0x000000000010655f      0x411 binaries/vfreemem.o
                0x000000000010655f                vfreemem
 .text          0x0000000000106970      0x1ec binaries/vgetmem.o
                0x0000000000106970                vgetmem
 .text          0x0000000000106b5c       0xf5 binaries/wait.o
                0x0000000000106b5c                wait
 .text          0x0000000000106c51       0x98 binaries/wakeup.o
                0x0000000000106c51                wakeup
 .text          0x0000000000106ce9       0x8c binaries/write.o
                0x0000000000106ce9                write
 .text          0x0000000000106d75       0x2f binaries/xdone.o
                0x0000000000106d75                xdone
 .text          0x0000000000106da4       0x37 binaries/yield.o
                0x0000000000106da4                yield
 .text          0x0000000000106ddb       0x1b binaries/abs.o
                0x0000000000106ddb                abs
 .text          0x0000000000106df6       0x99 binaries/atoi.o
                0x0000000000106df6                atoi
 .text          0x0000000000106e8f       0x99 binaries/atol.o
                0x0000000000106e8f                atol
 .text          0x0000000000106f28       0x3c binaries/bzero.o
                0x0000000000106f28                bzero
 .text          0x0000000000106f64        0x0 binaries/ctype_.o
 .text          0x0000000000106f64      0x7ee binaries/doprnt.o
                0x0000000000106f64                _doprnt
 .text          0x0000000000107752      0x6cb binaries/doscan.o
                0x0000000000107752                _doscan
 .text.__x86.get_pc_thunk.di
                0x0000000000107e1d        0x4 binaries/doscan.o
                0x0000000000107e1d                __x86.get_pc_thunk.di
 .text          0x0000000000107e21      0x76a binaries/fdoprnt.o
                0x0000000000107e21                _fdoprnt
 .text          0x000000000010858b       0x39 binaries/fgetc.o
                0x000000000010858b                fgetc
 .text          0x00000000001085c4       0x84 binaries/fgets.o
                0x00000000001085c4                fgets
 .text          0x0000000000108648       0x3c binaries/fprintf.o
                0x0000000000108648                fprintf
 .text          0x0000000000108684       0x3c binaries/fputc.o
                0x0000000000108684                fputc
 .text          0x00000000001086c0       0x52 binaries/fputs.o
                0x00000000001086c0                fputs
 .text          0x0000000000108712       0xb8 binaries/fscanf.o
                0x0000000000108712                fscanf
 .text          0x00000000001087ca       0x46 binaries/getchar.o
                0x00000000001087ca                getchar
 .text          0x0000000000108810       0x1b binaries/labs.o
                0x0000000000108810                labs
 .text          0x000000000010882b       0x44 binaries/memchr.o
                0x000000000010882b                memchr
 .text          0x000000000010886f       0x5b binaries/memcmp.o
                0x000000000010886f                memcmp
 .text          0x00000000001088ca       0x49 binaries/memcpy.o
                0x00000000001088ca                memcpy
 .text          0x0000000000108913       0x3a binaries/memset.o
                0x0000000000108913                memset
 .text          0x000000000010894d       0x5e binaries/printf.o
                0x000000000010894d                printf
 .text          0x00000000001089ab       0x49 binaries/putchar.o
                0x00000000001089ab                putchar
 .text          0x00000000001089f4      0x2b7 binaries/qsort.o
                0x00000000001089f4                qsort
 .text          0x0000000000108cab       0x4e binaries/rand.o
                0x0000000000108cab                srand
                0x0000000000108cc4                rand
 .text          0x0000000000108cf9       0x82 binaries/sprintf.o
                0x0000000000108cf9                sprintf
 .text          0x0000000000108d7b       0x98 binaries/sscanf.o
                0x0000000000108d7b                sscanf
 .text          0x0000000000108e13       0x46 binaries/strchr.o
                0x0000000000108e13                strchr
 .text          0x0000000000108e59       0x4f binaries/strcmp.o
                0x0000000000108e59                strcmp
 .text          0x0000000000108ea8       0x31 binaries/strcpy.o
                0x0000000000108ea8                strcpy
 .text          0x0000000000108ed9       0x30 binaries/strlen.o
                0x0000000000108ed9                strlen
 .text          0x0000000000108f09       0x60 binaries/strncat.o
                0x0000000000108f09                strncat
 .text          0x0000000000108f69       0x68 binaries/strncmp.o
                0x0000000000108f69                strncmp
 .text          0x0000000000108fd1       0x59 binaries/strncpy.o
                0x0000000000108fd1                strncpy
 .text          0x000000000010902a       0x38 binaries/strnlen.o
                0x000000000010902a                strnlen
 .text          0x0000000000109062       0x4f binaries/strrchr.o
                0x0000000000109062                strrchr
 .text          0x00000000001090b1       0x78 binaries/strstr.o
                0x00000000001090b1                strstr
 .text          0x0000000000109129       0xff binaries/ttycontrol.o
                0x0000000000109129                ttycontrol
 .text          0x0000000000109228       0xaf binaries/ttygetc.o
                0x0000000000109228                ttygetc
 .text          0x00000000001092d7      0x708 binaries/ttyhandle_in.o
                0x00000000001092d7                ttyhandle_in
 .text          0x00000000001099df      0x197 binaries/ttyhandle_out.o
                0x00000000001099df                ttyhandle_out
 .text          0x0000000000109b76       0xd7 binaries/ttyhandler.o
                0x0000000000109b76                ttyhandler
 .text          0x0000000000109c4d      0x1fd binaries/ttyinit.o
                0x0000000000109c4d                ttyinit
 .text          0x0000000000109e4a       0x1a binaries/ttykickout.o
                0x0000000000109e4a                ttykickout
 .text          0x0000000000109e64       0xcd binaries/ttyputc.o
                0x0000000000109e64                ttyputc
 .text          0x0000000000109f31      0x131 binaries/ttyread.o
                0x0000000000109f31                ttyread
 .text          0x000000000010a062       0x5c binaries/ttywrite.o
                0x000000000010a062                ttywrite
 .text          0x000000000010a0be      0x174 binaries/mount.o
                0x000000000010a0be                mount
                0x000000000010a1f2                namlen
 .text          0x000000000010a232      0x220 binaries/naminit.o
                0x000000000010a232                naminit
 .text          0x000000000010a452      0x243 binaries/nammap.o
                0x000000000010a452                nammap
                0x000000000010a4ef                namrepl
                0x000000000010a63b                namcpy
 .text          0x000000000010a695       0x5d binaries/namopen.o
                0x000000000010a695                namopen
 .text          0x000000000010a6f2      0x1bb binaries/colon2mac.o
                0x000000000010a6f2                colon2mac
 .text          0x000000000010a8ad       0xa8 binaries/ethcontrol.o
                0x000000000010a8ad                ethcontrol
 .text          0x000000000010a955      0x1cd binaries/ethhandler.o
                0x000000000010a955                ethhandler
 .text          0x000000000010ab22      0x79c binaries/ethinit.o
                0x000000000010ab22                eth_phy_read
                0x000000000010ab96                eth_phy_write
                0x000000000010ac15                eth_phy_reset
                0x000000000010ad69                ethinit
 .text.__x86.get_pc_thunk.si
                0x000000000010b2be        0x4 binaries/ethinit.o
                0x000000000010b2be                __x86.get_pc_thunk.si
 .text          0x000000000010b2c2      0x19c binaries/ethmcast.o
                0x000000000010b2c2                ethmcast_add
                0x000000000010b34f                ethmcast_remove
 .text          0x000000000010b45e      0x1a1 binaries/ethread.o
                0x000000000010b45e                ethread
 .text          0x000000000010b5ff      0x10a binaries/ethwrite.o
                0x000000000010b5ff                ethwrite
 .text          0x000000000010b709       0xaf binaries/rdsbufalloc.o
                0x000000000010b709                rdsbufalloc
 .text          0x000000000010b7b8       0xcf binaries/rdsclose.o
                0x000000000010b7b8                rdsclose
 .text          0x000000000010b887      0x2d2 binaries/rdscomm.o
                0x000000000010b887                rdscomm
 .text          0x000000000010bb59      0x20b binaries/rdscontrol.o
                0x000000000010bb59                rdscontrol
 .text          0x000000000010bd64      0x1b3 binaries/rdsinit.o
                0x000000000010bd64                rdsinit
 .text          0x000000000010bf17      0x1a4 binaries/rdsopen.o
                0x000000000010bf17                rdsopen
 .text          0x000000000010c0bb      0x4ea binaries/rdsprocess.o
                0x000000000010c0bb                rdsprocess
 .text          0x000000000010c5a5      0x235 binaries/rdsread.o
                0x000000000010c5a5                rdsread
 .text          0x000000000010c7da      0x1df binaries/rdswrite.o
                0x000000000010c7da                rdswrite
 .text          0x000000000010c9b9       0x14 binaries/ramclose.o
                0x000000000010c9b9                ramclose
 .text          0x000000000010c9cd       0x58 binaries/raminit.o
                0x000000000010c9cd                raminit
 .text          0x000000000010ca25       0x14 binaries/ramopen.o
                0x000000000010ca25                ramopen
 .text          0x000000000010ca39       0x47 binaries/ramread.o
                0x000000000010ca39                ramread
 .text          0x000000000010ca80       0x47 binaries/ramwrite.o
                0x000000000010ca80                ramwrite
 .text          0x000000000010cac7       0xc4 binaries/lfdballoc.o
                0x000000000010cac7                lfdballoc
 .text          0x000000000010cb8b       0x6a binaries/lfdbfree.o
                0x000000000010cb8b                lfdbfree
 .text          0x000000000010cbf5       0xe0 binaries/lfflush.o
                0x000000000010cbf5                lfflush
 .text          0x000000000010ccd5       0xe2 binaries/lfgetmode.o
                0x000000000010ccd5                lfgetmode
 .text          0x000000000010cdb7       0x92 binaries/lfiballoc.o
                0x000000000010cdb7                lfiballoc
 .text          0x000000000010ce49       0x45 binaries/lfibclear.o
                0x000000000010ce49                lfibclear
 .text          0x000000000010ce8e       0xbc binaries/lfibget.o
                0x000000000010ce8e                lfibget
 .text          0x000000000010cf4a       0xeb binaries/lfibput.o
                0x000000000010cf4a                lfibput
 .text          0x000000000010d035       0xbb binaries/lflclose.o
                0x000000000010d035                lflclose
 .text          0x000000000010d0f0       0xef binaries/lflcontrol.o
                0x000000000010d0f0                lflcontrol
 .text          0x000000000010d1df      0x104 binaries/lflgetc.o
                0x000000000010d1df                lflgetc
 .text          0x000000000010d2e3      0x102 binaries/lflinit.o
                0x000000000010d2e3                lflinit
 .text          0x000000000010d3e5      0x13a binaries/lflputc.o
                0x000000000010d3e5                lflputc
 .text          0x000000000010d51f       0x7f binaries/lflread.o
                0x000000000010d51f                lflread
 .text          0x000000000010d59e       0xbe binaries/lflseek.o
                0x000000000010d59e                lflseek
 .text          0x000000000010d65c       0x64 binaries/lflwrite.o
                0x000000000010d65c                lflwrite
 .text          0x000000000010d6c0      0x159 binaries/lfsckfmt.o
                0x000000000010d6c0                lfsckfmt
 .text          0x000000000010d819      0x1be binaries/lfscreate.o
                0x000000000010d819                lfscreate
 .text          0x000000000010d9d7      0x2a3 binaries/lfsetup.o
                0x000000000010d9d7                lfsetup
 .text          0x000000000010dc7a       0x81 binaries/lfsinit.o
                0x000000000010dc7a                lfsinit
 .text          0x000000000010dcfb      0x3c0 binaries/lfsopen.o
                0x000000000010dcfb                lfsopen
 .text          0x000000000010e0bb      0x18a binaries/lftruncate.o
                0x000000000010e0bb                lftruncate
 .text          0x000000000010e245       0x8f binaries/rflclose.o
                0x000000000010e245                rflclose
 .text          0x000000000010e2d4       0x42 binaries/rflgetc.o
                0x000000000010e2d4                rflgetc
 .text          0x000000000010e316       0x86 binaries/rflinit.o
                0x000000000010e316                rflinit
 .text          0x000000000010e39c       0x5f binaries/rflputc.o
                0x000000000010e39c                rflputc
 .text          0x000000000010e3fb      0x396 binaries/rflread.o
                0x000000000010e3fb                rflread
 .text          0x000000000010e791       0x92 binaries/rflseek.o
                0x000000000010e791                rflseek
 .text          0x000000000010e823      0x381 binaries/rflwrite.o
                0x000000000010e823                rflwrite
 .text          0x000000000010eba4      0x21d binaries/rfscomm.o
                0x000000000010eba4                rfscomm
 .text          0x000000000010edc1      0x2cc binaries/rfscontrol.o
                0x000000000010edc1                rfscontrol
 .text          0x000000000010f08d       0xe2 binaries/rfsgetmode.o
                0x000000000010f08d                rfsgetmode
 .text          0x000000000010f16f       0xb5 binaries/rfsinit.o
                0x000000000010f16f                rfsinit
 .text          0x000000000010f224      0x122 binaries/rfsndmsg.o
                0x000000000010f224                rfsndmsg
 .text          0x000000000010f346      0x2e3 binaries/rfsopen.o
                0x000000000010f346                rfsopen
 .text          0x000000000010f629      0x8e6 binaries/arp.o
                0x000000000010f629                arp_init
                0x000000000010f66f                arp_resolve
                0x000000000010f95d                arp_in
                0x000000000010fc3f                arp_alloc
                0x000000000010fd21                arp_ntoh
                0x000000000010fe18                arp_hton
 .text          0x000000000010ff0f      0x842 binaries/dhcp.o
                0x000000000010ff0f                dhcp_get_opt_val
                0x000000000010ff72                dhcp_bld_bootp_msg
                0x0000000000110099                dhcp_bld_disc
                0x0000000000110178                dhcp_bld_req
                0x00000000001102d0                getlocalip
 .text          0x0000000000110751       0xf4 binaries/dot2ip.o
                0x0000000000110751                dot2ip
 .text          0x0000000000110845      0x528 binaries/hexdump.o
                0x0000000000110845                hexdump
                0x0000000000110a13                hexadump
 .text          0x0000000000110d6d      0x939 binaries/icmp.o
                0x0000000000110d6d                icmp_init
                0x0000000000110db3                icmp_in
                0x0000000000110f94                icmp_register
                0x000000000011109e                icmp_recv
                0x000000000011123c                icmp_send
                0x00000000001112d1                icmp_mkpkt
                0x0000000000111405                icmp_release
                0x0000000000111512                icmp_cksum
                0x00000000001115a8                icmp_hton
                0x0000000000111627                icmp_ntoh
 .text          0x00000000001116a6      0x96c binaries/ip.o
                0x00000000001116a6                ip_in
                0x000000000011184b                ip_send
                0x00000000001119cd                ip_local
                0x0000000000111a2e                ip_out
                0x0000000000111b76                ipcksum
                0x0000000000111c06                ip_ntoh
                0x0000000000111cfd                ip_hton
                0x0000000000111df4                ipout
                0x0000000000111f4b                ip_enqueue
 .text          0x0000000000112012      0x288 binaries/net.o
                0x0000000000112012                net_init
                0x0000000000112162                netin
                0x0000000000112230                eth_hton
                0x0000000000112265                eth_ntoh
 .text          0x000000000011229a      0x156 binaries/netstart.o
                0x000000000011229a                netstart
 .text          0x00000000001123f0     0x15bc binaries/pdump.o
                0x00000000001123f0                pdump
                0x0000000000113248                pdumph
 .text          0x00000000001139ac      0x68a binaries/tftp.o
                0x00000000001139ac                tftp_send1
                0x0000000000113b3f                tftpget
                0x0000000000113b7b                tftpget_mb
 .text          0x0000000000114036      0xc36 binaries/udp.o
                0x0000000000114036                udp_init
                0x000000000011407c                udp_in
                0x00000000001141cf                udp_register
                0x000000000011431e                udp_recv
                0x00000000001144cd                udp_recvaddr
                0x0000000000114694                udp_send
                0x0000000000114897                udp_sendto
                0x0000000000114a62                udp_release
                0x0000000000114b6e                udp_ntoh
                0x0000000000114bed                udp_hton
 .text          0x0000000000114c6c      0x14d binaries/addargs.o
                0x0000000000114c6c                addargs
 .text          0x0000000000114db9      0x2d1 binaries/lexan.o
                0x0000000000114db9                lexan
 .text          0x000000000011508a      0x6dd binaries/shell.o
                0x000000000011508a                shell
 .text          0x0000000000115767       0x7e binaries/xsh_argecho.o
                0x0000000000115767                xsh_argecho
 .text          0x00000000001157e5      0x2cc binaries/xsh_arp.o
                0x00000000001157e5                xsh_arp
 .text          0x0000000000115ab1      0x2ae binaries/xsh_cat.o
                0x0000000000115ab1                xsh_cat
 .text          0x0000000000115d5f       0x7a binaries/xsh_clear.o
                0x0000000000115d5f                xsh_clear
 .text          0x0000000000115dd9      0x354 binaries/xsh_date.o
                0x0000000000115dd9                xsh_date
 .text          0x000000000011612d       0xcb binaries/xsh_devdump.o
                0x000000000011612d                xsh_devdump
 .text          0x00000000001161f8       0x87 binaries/xsh_echo.o
                0x00000000001161f8                xsh_echo
 .text          0x000000000011627f       0x14 binaries/xsh_exit.o
                0x000000000011627f                xsh_exit
 .text          0x0000000000116293      0x3e9 binaries/xsh_help.o
                0x0000000000116293                xsh_help
 .text          0x000000000011667c      0x4ff binaries/xsh_ipaddr.o
                0x000000000011667c                xsh_ipaddr
 .text          0x0000000000116b7b      0x287 binaries/xsh_kill.o
                0x0000000000116b7b                xsh_kill
 .text          0x0000000000116e02      0x578 binaries/xsh_memdump.o
                0x0000000000116e02                xsh_memdump
 .text          0x000000000011737a      0x316 binaries/xsh_memstat.o
                0x000000000011737a                xsh_memstat
 .text          0x0000000000117690      0x3c2 binaries/xsh_ping.o
                0x0000000000117690                xsh_ping
 .text          0x0000000000117a52      0x27c binaries/xsh_ps.o
                0x0000000000117a52                xsh_ps
 .text          0x0000000000117cce      0x266 binaries/xsh_sleep.o
                0x0000000000117cce                xsh_sleep
 .text          0x0000000000117f34      0x2d8 binaries/xsh_udpdump.o
                0x0000000000117f34                xsh_udpdump
 .text          0x000000000011820c      0x532 binaries/xsh_udpecho.o
                0x000000000011820c                xsh_udpecho
 .text          0x000000000011873e      0x2fb binaries/xsh_udpeserver.o
                0x000000000011873e                xsh_udpeserver
 .text          0x0000000000118a39      0x230 binaries/xsh_uptime.o
                0x0000000000118a39                xsh_uptime
 .text          0x0000000000118c69       0xc2 binaries/allocate_bs.o
                0x0000000000118c69                allocate_bs
 .text          0x0000000000118d2b       0xad binaries/close_bs.o
                0x0000000000118d2b                close_bs
 .text          0x0000000000118dd8       0xd1 binaries/deallocate_bs.o
                0x0000000000118dd8                deallocate_bs
 .text          0x0000000000118ea9      0x101 binaries/get_bs.o
                0x0000000000118ea9                get_bs
 .text          0x0000000000118faa       0xad binaries/open_bs.o
                0x0000000000118faa                open_bs
 .text          0x0000000000119057      0x14c binaries/psinit.o
                0x0000000000119057                psinit
 .text          0x00000000001191a3      0x1fd binaries/read_bs.o
                0x00000000001191a3                read_bs
 .text          0x00000000001193a0       0xe4 binaries/release_bs.o
                0x00000000001193a0                release_bs
 .text          0x0000000000119484      0x1b1 binaries/write_bs.o
                0x0000000000119484                write_bs
 .text          0x0000000000119635        0xe binaries/clkdisp.o
                0x0000000000119635                clkdisp
 .text          0x0000000000119643       0x21 binaries/ctxsw.o
                0x0000000000119643                ctxsw
 .text          0x0000000000119664      0x368 binaries/intr.o
                0x0000000000119664                disable
                0x000000000011966d                restore
                0x000000000011967b                enable
                0x000000000011967d                pause
                0x0000000000119684                halt
                0x0000000000119687                spurious_irq7
                0x000000000011968c                spurious_irq15
                0x000000000011969b                _Xint0
                0x00000000001196a6                _Xint1
                0x00000000001196b1                _Xint2
                0x00000000001196bc                _Xint3
                0x00000000001196c7                _Xint4
                0x00000000001196d2                _Xint5
                0x00000000001196dd                _Xint6
                0x00000000001196e8                _Xint7
                0x00000000001196f3                _Xint8
                0x00000000001196fe                _Xint9
                0x0000000000119709                _Xint10
                0x0000000000119714                _Xint11
                0x0000000000119722                _Xint12
                0x0000000000119730                _Xint13
                0x000000000011973e                _Xint14
                0x000000000011974c                _Xint15
                0x000000000011975a                _Xint16
                0x0000000000119768                _Xint17
                0x0000000000119776                _Xint18
                0x0000000000119784                _Xint19
                0x0000000000119792                _Xint20
                0x00000000001197a0                _Xint21
                0x00000000001197ae                _Xint22
                0x00000000001197bc                _Xint23
                0x00000000001197ca                _Xint24
                0x00000000001197d8                _Xint25
                0x00000000001197e6                _Xint26
                0x00000000001197f4                _Xint27
                0x0000000000119802                _Xint28
                0x0000000000119810                _Xint29
                0x000000000011981e                _Xint30
                0x000000000011982c                _Xint31
                0x000000000011983a                _Xint32
                0x0000000000119848                _Xint33
                0x0000000000119856                _Xint34
                0x0000000000119864                _Xint35
                0x0000000000119872                _Xint36
                0x0000000000119880                _Xint37
                0x000000000011988e                _Xint38
                0x000000000011989c                _Xint39
                0x00000000001198aa                _Xint40
                0x00000000001198b8                _Xint41
                0x00000000001198c6                _Xint42
                0x00000000001198d4                _Xint43
                0x00000000001198e2                _Xint44
                0x00000000001198f0                _Xint45
                0x00000000001198fe                _Xint46
                0x000000000011990c                defevec
 .text          0x00000000001199cc        0xd binaries/pfisr.o
                0x00000000001199cc                pfisr
 .text          0x00000000001199d9        0xf binaries/ttydispatch.o
                0x00000000001199d9                ttydispatch
 .text          0x00000000001199e8       0x13 binaries/ethdispatch.o
                0x00000000001199e8                ethdispatch
 *(.rodata .rodata.*)
 *fill*         0x00000000001199fb        0x1 
 .rodata        0x00000000001199fc       0x8e binaries/ascdate.o
 .rodata        0x0000000000119a8a       0x5f binaries/conf.o
 *fill*         0x0000000000119ae9        0x3 
 .rodata        0x0000000000119aec       0x83 binaries/early_imr.o
 *fill*         0x0000000000119b6f        0x1 
 .rodata        0x0000000000119b70      0x231 binaries/evec.o
 *fill*         0x0000000000119da1        0x3 
 .rodata        0x0000000000119da4       0x60 binaries/getutime.o
 .rodata        0x0000000000119e04      0x138 binaries/initialize.o
 .rodata        0x0000000000119f3c       0x89 binaries/instrumentation_hooks.o
 *fill*         0x0000000000119fc5        0x3 
 .rodata        0x0000000000119fc8       0x20 binaries/kill.o
 .rodata        0x0000000000119fe8        0x7 binaries/Lab5_test1.o
 *fill*         0x0000000000119fef        0x1 
 .rodata        0x0000000000119ff0       0x2c binaries/Lab5_test2.o
 .rodata        0x000000000011a01c        0x3 binaries/main.o
 .rodata        0x000000000011a01f        0xf binaries/panic.o
 .rodata        0x000000000011a02e       0x1c binaries/ptinit.o
 *fill*         0x000000000011a04a        0x2 
 .rodata        0x000000000011a04c       0x25 binaries/ptsend.o
 .rodata        0x000000000011a071       0x22 binaries/quark_pdat.o
 *fill*         0x000000000011a093        0x1 
 .rodata        0x000000000011a094       0xb7 binaries/stacktrace.o
 *fill*         0x000000000011a14b        0x5 
 .rodata        0x000000000011a150       0x18 binaries/vfreemem.o
 .rodata        0x000000000011a168        0xc binaries/vgetmem.o
 .rodata        0x000000000011a174       0x27 binaries/xdone.o
 *fill*         0x000000000011a19b        0x5 
 .rodata        0x000000000011a1a0       0x81 binaries/ctype_.o
                0x000000000011a1a0                _ctype_
 *fill*         0x000000000011a221        0x3 
 .rodata        0x000000000011a224       0xee binaries/doprnt.o
 *fill*         0x000000000011a312        0x2 
 .rodata        0x000000000011a314       0x98 binaries/doscan.o
 .rodata        0x000000000011a3ac       0xae binaries/fdoprnt.o
 *fill*         0x000000000011a45a        0x2 
 .rodata        0x000000000011a45c       0x20 binaries/ttycontrol.o
 .rodata        0x000000000011a47c       0x34 binaries/ttyhandler.o
 .rodata        0x000000000011a4b0       0x80 binaries/naminit.o
 .rodata        0x000000000011a530       0x46 binaries/ethinit.o
 *fill*         0x000000000011a576        0x2 
 .rodata        0x000000000011a578       0x2c binaries/rdsbufalloc.o
 .rodata        0x000000000011a5a4       0x76 binaries/rdscomm.o
 *fill*         0x000000000011a61a        0x2 
 .rodata        0x000000000011a61c       0x48 binaries/rdscontrol.o
 .rodata        0x000000000011a664       0x6a binaries/rdsinit.o
 *fill*         0x000000000011a6ce        0x2 
 .rodata        0x000000000011a6d0       0x22 binaries/rdsopen.o
 *fill*         0x000000000011a6f2        0x2 
 .rodata        0x000000000011a6f4       0x4d binaries/rdsprocess.o
 .rodata        0x000000000011a741        0x9 binaries/raminit.o
 *fill*         0x000000000011a74a        0x2 
 .rodata        0x000000000011a74c       0x37 binaries/lfdballoc.o
 .rodata        0x000000000011a783       0x14 binaries/lfiballoc.o
 *fill*         0x000000000011a797        0x1 
 .rodata        0x000000000011a798       0x23 binaries/lflcontrol.o
 *fill*         0x000000000011a7bb        0x1 
 .rodata        0x000000000011a7bc       0xb7 binaries/lfsckfmt.o
 *fill*         0x000000000011a873        0x1 
 .rodata        0x000000000011a874       0x21 binaries/rflread.o
 *fill*         0x000000000011a895        0x3 
 .rodata        0x000000000011a898       0x21 binaries/rflwrite.o
 *fill*         0x000000000011a8b9        0x3 
 .rodata        0x000000000011a8bc       0x75 binaries/rfscomm.o
 *fill*         0x000000000011a931        0x3 
 .rodata        0x000000000011a934       0x3c binaries/rfscontrol.o
 .rodata        0x000000000011a970       0x67 binaries/rfsinit.o
 *fill*         0x000000000011a9d7        0x1 
 .rodata        0x000000000011a9d8       0x2a binaries/rfsndmsg.o
 *fill*         0x000000000011aa02        0x2 
 .rodata        0x000000000011aa04       0x22 binaries/rfsopen.o
 *fill*         0x000000000011aa26        0x2 
 .rodata        0x000000000011aa28       0x3a binaries/arp.o
 *fill*         0x000000000011aa62        0x2 
 .rodata        0x000000000011aa64       0xef binaries/dhcp.o
 *fill*         0x000000000011ab53        0x1 
 .rodata        0x000000000011ab54       0xc9 binaries/hexdump.o
 *fill*         0x000000000011ac1d        0x3 
 .rodata        0x000000000011ac20       0x29 binaries/icmp.o
 *fill*         0x000000000011ac49        0x3 
 .rodata        0x000000000011ac4c       0x6e binaries/ip.o
 *fill*         0x000000000011acba        0x2 
 .rodata        0x000000000011acbc       0x4f binaries/net.o
 *fill*         0x000000000011ad0b        0x1 
 .rodata        0x000000000011ad0c       0xcf binaries/netstart.o
 *fill*         0x000000000011addb        0x1 
 .rodata        0x000000000011addc      0x26f binaries/pdump.o
 *fill*         0x000000000011b04b        0x1 
 .rodata        0x000000000011b04c      0x154 binaries/tftp.o
 .rodata        0x000000000011b1a0      0x2c5 binaries/shell.o
 .rodata        0x000000000011b465       0x28 binaries/xsh_argecho.o
 *fill*         0x000000000011b48d        0x3 
 .rodata        0x000000000011b490      0x123 binaries/xsh_arp.o
 *fill*         0x000000000011b5b3        0x1 
 .rodata        0x000000000011b5b4       0xc9 binaries/xsh_cat.o
 .rodata        0x000000000011b67d       0x15 binaries/xsh_clear.o
 *fill*         0x000000000011b692        0x2 
 .rodata        0x000000000011b694      0x1c3 binaries/xsh_date.o
 .rodata        0x000000000011b857       0x5d binaries/xsh_devdump.o
 .rodata        0x000000000011b8b4        0x9 binaries/xsh_echo.o
 *fill*         0x000000000011b8bd        0x3 
 .rodata        0x000000000011b8c0      0x169 binaries/xsh_help.o
 *fill*         0x000000000011ba29        0x3 
 .rodata        0x000000000011ba2c      0x194 binaries/xsh_ipaddr.o
 .rodata        0x000000000011bbc0      0x12e binaries/xsh_kill.o
 *fill*         0x000000000011bcee        0x2 
 .rodata        0x000000000011bcf0      0x252 binaries/xsh_memdump.o
 *fill*         0x000000000011bf42        0x2 
 .rodata        0x000000000011bf44      0x225 binaries/xsh_memstat.o
 *fill*         0x000000000011c169        0x3 
 .rodata        0x000000000011c16c      0x175 binaries/xsh_ping.o
 *fill*         0x000000000011c2e1        0x3 
 .rodata        0x000000000011c2e4      0x1a8 binaries/xsh_ps.o
 .rodata        0x000000000011c48c       0xeb binaries/xsh_sleep.o
 *fill*         0x000000000011c577        0x1 
 .rodata        0x000000000011c578      0x1b8 binaries/xsh_udpdump.o
 .rodata        0x000000000011c730      0x215 binaries/xsh_udpecho.o
 *fill*         0x000000000011c945        0x3 
 .rodata        0x000000000011c948      0x12b binaries/xsh_udpeserver.o
 *fill*         0x000000000011ca73        0x1 
 .rodata        0x000000000011ca74      0x105 binaries/xsh_uptime.o
 *fill*         0x000000000011cb79        0x3 
 .rodata        0x000000000011cb7c       0xb6 binaries/psinit.o
 *fill*         0x000000000011cc32        0x2 
 .rodata        0x000000000011cc34       0x75 binaries/read_bs.o
 *fill*         0x000000000011cca9        0x3 
 .rodata        0x000000000011ccac       0x43 binaries/release_bs.o
 *fill*         0x000000000011ccef        0x1 
 .rodata        0x000000000011ccf0       0x74 binaries/write_bs.o
                0x000000000011cd64                etext = ABSOLUTE (.)
                0x000000000011d000                . = ALIGN (0x1000)
 *fill*         0x000000000011cd64      0x29c 

.eh_frame       0x000000000011d000     0x3264
 .eh_frame      0x000000000011d000       0x50 binaries/ascdate.o
 .eh_frame      0x000000000011d050       0x34 binaries/bufinit.o
                                         0x4c (size before relaxing)
 .eh_frame      0x000000000011d084       0x38 binaries/chprio.o
                                         0x50 (size before relaxing)
 .eh_frame      0x000000000011d0bc       0x24 binaries/clkhandler.o
                                         0x50 (size before relaxing)
 .eh_frame      0x000000000011d0e0       0x24 binaries/clkinit.o
                                         0x50 (size before relaxing)
 .eh_frame      0x000000000011d104       0x24 binaries/close.o
                                         0x50 (size before relaxing)
 .eh_frame      0x000000000011d128       0x24 binaries/control.o
                                         0x50 (size before relaxing)
 .eh_frame      0x000000000011d14c       0x48 binaries/create.o
                                         0x88 (size before relaxing)
 .eh_frame      0x000000000011d194      0x114 binaries/early_imr.o
                                        0x154 (size before relaxing)
 .eh_frame      0x000000000011d2a8       0x90 binaries/evec.o
                                         0xd0 (size before relaxing)
 .eh_frame      0x000000000011d338       0x24 binaries/freebuf.o
                                         0x50 (size before relaxing)
 .eh_frame      0x000000000011d35c       0x24 binaries/freemem.o
                                         0x50 (size before relaxing)
 .eh_frame      0x000000000011d380       0x24 binaries/getbuf.o
                                         0x50 (size before relaxing)
 .eh_frame      0x000000000011d3a4       0x24 binaries/getc.o
                                         0x50 (size before relaxing)
 .eh_frame      0x000000000011d3c8       0x24 binaries/getdev.o
                                         0x50 (size before relaxing)
 .eh_frame      0x000000000011d3ec       0x78 binaries/getitem.o
                                         0xa4 (size before relaxing)
 .eh_frame      0x000000000011d464       0x24 binaries/getmem.o
                                         0x50 (size before relaxing)
 .eh_frame      0x000000000011d488       0x20 binaries/getpid.o
                                         0x4c (size before relaxing)
 .eh_frame      0x000000000011d4a8       0x24 binaries/getprio.o
                                         0x50 (size before relaxing)
 .eh_frame      0x000000000011d4cc       0x24 binaries/getstk.o
                                         0x50 (size before relaxing)
 .eh_frame      0x000000000011d4f0       0x24 binaries/gettime.o
                                         0x50 (size before relaxing)
 .eh_frame      0x000000000011d514       0x24 binaries/getutime.o
                                         0x50 (size before relaxing)
 .eh_frame      0x000000000011d538       0x24 binaries/init.o
                                         0x50 (size before relaxing)
 .eh_frame      0x000000000011d55c       0x80 binaries/initialize.o
                                         0xc0 (size before relaxing)
 .eh_frame      0x000000000011d5dc       0x24 binaries/initialize_paging.o
                                         0x50 (size before relaxing)
 .eh_frame      0x000000000011d600       0x24 binaries/insert.o
                                         0x50 (size before relaxing)
 .eh_frame      0x000000000011d624       0x28 binaries/insertd.o
                                         0x54 (size before relaxing)
 .eh_frame      0x000000000011d64c       0xb4 binaries/instrumentation_hooks.o
                                         0xf4 (size before relaxing)
 .eh_frame      0x000000000011d700       0x20 binaries/ioerr.o
                                         0x4c (size before relaxing)
 .eh_frame      0x000000000011d720       0x20 binaries/ionull.o
                                         0x4c (size before relaxing)
 .eh_frame      0x000000000011d740       0x2c binaries/kill.o
                                         0x58 (size before relaxing)
 .eh_frame      0x000000000011d76c       0x88 binaries/kprintf.o
                                         0xc8 (size before relaxing)
 .eh_frame      0x000000000011d7f4       0x24 binaries/Lab5_test1.o
                                         0x50 (size before relaxing)
 .eh_frame      0x000000000011d818       0x24 binaries/Lab5_test2.o
                                         0x50 (size before relaxing)
 .eh_frame      0x000000000011d83c       0x28 binaries/main.o
                                         0x54 (size before relaxing)
 .eh_frame      0x000000000011d864       0x48 binaries/mark.o
                                         0x74 (size before relaxing)
 .eh_frame      0x000000000011d8ac       0x44 binaries/meminit.o
                                         0x70 (size before relaxing)
 .eh_frame      0x000000000011d8f0       0x24 binaries/mkbufpool.o
                                         0x50 (size before relaxing)
 .eh_frame      0x000000000011d914       0x24 binaries/newqueue.o
                                         0x50 (size before relaxing)
 .eh_frame      0x000000000011d938       0x48 binaries/obtain_free_frame.o
                                         0x74 (size before relaxing)
 .eh_frame      0x000000000011d980       0x24 binaries/open.o
                                         0x50 (size before relaxing)
 .eh_frame      0x000000000011d9a4       0x1c binaries/panic.o
                                         0x48 (size before relaxing)
 .eh_frame      0x000000000011d9c0      0x1c0 binaries/pci.o
                                        0x1ec (size before relaxing)
 .eh_frame      0x000000000011db80       0x2c binaries/pf_handler.o
                                         0x58 (size before relaxing)
 .eh_frame      0x000000000011dbac       0x24 binaries/platinit.o
                                         0x50 (size before relaxing)
 .eh_frame      0x000000000011dbd0       0x24 binaries/ptclear.o
                                         0x50 (size before relaxing)
 .eh_frame      0x000000000011dbf4       0x24 binaries/ptcount.o
                                         0x50 (size before relaxing)
 .eh_frame      0x000000000011dc18       0x24 binaries/ptcreate.o
                                         0x50 (size before relaxing)
 .eh_frame      0x000000000011dc3c       0x24 binaries/ptdelete.o
                                         0x50 (size before relaxing)
 .eh_frame      0x000000000011dc60       0x24 binaries/ptinit.o
                                         0x50 (size before relaxing)
 .eh_frame      0x000000000011dc84       0x24 binaries/ptrecv.o
                                         0x50 (size before relaxing)
 .eh_frame      0x000000000011dca8       0x24 binaries/ptreset.o
                                         0x50 (size before relaxing)
 .eh_frame      0x000000000011dccc       0x24 binaries/ptsend.o
                                         0x50 (size before relaxing)
 .eh_frame      0x000000000011dcf0       0x24 binaries/putc.o
                                         0x50 (size before relaxing)
 .eh_frame      0x000000000011dd14       0x24 binaries/quark_irq.o
                                         0x50 (size before relaxing)
 .eh_frame      0x000000000011dd38       0x48 binaries/quark_pdat.o
                                         0x74 (size before relaxing)
 .eh_frame      0x000000000011dd80       0x48 binaries/queue.o
                                         0x88 (size before relaxing)
 .eh_frame      0x000000000011ddc8       0x24 binaries/read.o
                                         0x50 (size before relaxing)
 .eh_frame      0x000000000011ddec       0x28 binaries/ready.o
                                         0x54 (size before relaxing)
 .eh_frame      0x000000000011de14       0x24 binaries/receive.o
                                         0x50 (size before relaxing)
 .eh_frame      0x000000000011de38       0x24 binaries/recvclr.o
                                         0x50 (size before relaxing)
 .eh_frame      0x000000000011de5c       0x24 binaries/recvtime.o
                                         0x50 (size before relaxing)
 .eh_frame      0x000000000011de80       0x48 binaries/resched.o
                                         0x88 (size before relaxing)
 .eh_frame      0x000000000011dec8       0x24 binaries/resume.o
                                         0x50 (size before relaxing)
 .eh_frame      0x000000000011deec       0x24 binaries/seek.o
                                         0x50 (size before relaxing)
 .eh_frame      0x000000000011df10       0x24 binaries/semcount.o
                                         0x50 (size before relaxing)
 .eh_frame      0x000000000011df34       0x48 binaries/semcreate.o
                                         0x88 (size before relaxing)
 .eh_frame      0x000000000011df7c       0x24 binaries/semdelete.o
                                         0x50 (size before relaxing)
 .eh_frame      0x000000000011dfa0       0x24 binaries/semreset.o
                                         0x50 (size before relaxing)
 .eh_frame      0x000000000011dfc4       0x24 binaries/send.o
                                         0x50 (size before relaxing)
 .eh_frame      0x000000000011dfe8       0x24 binaries/signal.o
                                         0x50 (size before relaxing)
 .eh_frame      0x000000000011e00c       0x24 binaries/signaln.o
                                         0x50 (size before relaxing)
 .eh_frame      0x000000000011e030       0x44 binaries/sleep.o
                                         0x84 (size before relaxing)
 .eh_frame      0x000000000011e074       0x24 binaries/stacktrace.o
                                         0x50 (size before relaxing)
 .eh_frame      0x000000000011e098       0x24 binaries/suspend.o
                                         0x50 (size before relaxing)
 .eh_frame      0x000000000011e0bc       0x24 binaries/unsleep.o
                                         0x50 (size before relaxing)
 .eh_frame      0x000000000011e0e0       0x24 binaries/userret.o
                                         0x50 (size before relaxing)
 .eh_frame      0x000000000011e104       0x48 binaries/vcreate.o
                                         0x88 (size before relaxing)
 .eh_frame      0x000000000011e14c       0x2c binaries/vfreemem.o
                                         0x58 (size before relaxing)
 .eh_frame      0x000000000011e178       0x24 binaries/vgetmem.o
                                         0x50 (size before relaxing)
 .eh_frame      0x000000000011e19c       0x24 binaries/wait.o
                                         0x50 (size before relaxing)
 .eh_frame      0x000000000011e1c0       0x24 binaries/wakeup.o
                                         0x50 (size before relaxing)
 .eh_frame      0x000000000011e1e4       0x24 binaries/write.o
                                         0x50 (size before relaxing)
 .eh_frame      0x000000000011e208       0x24 binaries/xdone.o
                                         0x50 (size before relaxing)
 .eh_frame      0x000000000011e22c       0x24 binaries/yield.o
                                         0x50 (size before relaxing)
 .eh_frame      0x000000000011e250       0x20 binaries/abs.o
                                         0x4c (size before relaxing)
 .eh_frame      0x000000000011e270       0x20 binaries/atoi.o
                                         0x4c (size before relaxing)
 .eh_frame      0x000000000011e290       0x20 binaries/atol.o
                                         0x4c (size before relaxing)
 .eh_frame      0x000000000011e2b0       0x20 binaries/bzero.o
                                         0x4c (size before relaxing)
 .eh_frame      0x000000000011e2d0       0xcc binaries/doprnt.o
                                        0x10c (size before relaxing)
 .eh_frame      0x000000000011e39c       0xc8 binaries/doscan.o
                                         0xf4 (size before relaxing)
 .eh_frame      0x000000000011e464       0xcc binaries/fdoprnt.o
                                        0x10c (size before relaxing)
 .eh_frame      0x000000000011e530       0x24 binaries/fgetc.o
                                         0x50 (size before relaxing)
 .eh_frame      0x000000000011e554       0x24 binaries/fgets.o
                                         0x50 (size before relaxing)
 .eh_frame      0x000000000011e578       0x24 binaries/fprintf.o
                                         0x50 (size before relaxing)
 .eh_frame      0x000000000011e59c       0x24 binaries/fputc.o
                                         0x50 (size before relaxing)
 .eh_frame      0x000000000011e5c0       0x24 binaries/fputs.o
                                         0x50 (size before relaxing)
 .eh_frame      0x000000000011e5e4       0x68 binaries/fscanf.o
                                         0x94 (size before relaxing)
 .eh_frame      0x000000000011e64c       0x24 binaries/getchar.o
                                         0x50 (size before relaxing)
 .eh_frame      0x000000000011e670       0x20 binaries/labs.o
                                         0x4c (size before relaxing)
 .eh_frame      0x000000000011e690       0x20 binaries/memchr.o
                                         0x4c (size before relaxing)
 .eh_frame      0x000000000011e6b0       0x20 binaries/memcmp.o
                                         0x4c (size before relaxing)
 .eh_frame      0x000000000011e6d0       0x24 binaries/memcpy.o
                                         0x50 (size before relaxing)
 .eh_frame      0x000000000011e6f4       0x24 binaries/memset.o
                                         0x50 (size before relaxing)
 .eh_frame      0x000000000011e718       0x24 binaries/printf.o
                                         0x50 (size before relaxing)
 .eh_frame      0x000000000011e73c       0x24 binaries/putchar.o
                                         0x50 (size before relaxing)
 .eh_frame      0x000000000011e760       0xa4 binaries/qsort.o
                                         0xd0 (size before relaxing)
 .eh_frame      0x000000000011e804       0x40 binaries/rand.o
                                         0x6c (size before relaxing)
 .eh_frame      0x000000000011e844       0x44 binaries/sprintf.o
                                         0x70 (size before relaxing)
 .eh_frame      0x000000000011e888       0x64 binaries/sscanf.o
                                         0x90 (size before relaxing)
 .eh_frame      0x000000000011e8ec       0x20 binaries/strchr.o
                                         0x4c (size before relaxing)
 .eh_frame      0x000000000011e90c       0x20 binaries/strcmp.o
                                         0x4c (size before relaxing)
 .eh_frame      0x000000000011e92c       0x20 binaries/strcpy.o
                                         0x4c (size before relaxing)
 .eh_frame      0x000000000011e94c       0x20 binaries/strlen.o
                                         0x4c (size before relaxing)
 .eh_frame      0x000000000011e96c       0x20 binaries/strncat.o
                                         0x4c (size before relaxing)
 .eh_frame      0x000000000011e98c       0x20 binaries/strncmp.o
                                         0x4c (size before relaxing)
 .eh_frame      0x000000000011e9ac       0x28 binaries/strncpy.o
                                         0x54 (size before relaxing)
 .eh_frame      0x000000000011e9d4       0x20 binaries/strnlen.o
                                         0x4c (size before relaxing)
 .eh_frame      0x000000000011e9f4       0x20 binaries/strrchr.o
                                         0x4c (size before relaxing)
 .eh_frame      0x000000000011ea14       0x20 binaries/strstr.o
                                         0x4c (size before relaxing)
 .eh_frame      0x000000000011ea34       0x24 binaries/ttycontrol.o
                                         0x50 (size before relaxing)
 .eh_frame      0x000000000011ea58       0x24 binaries/ttygetc.o
                                         0x50 (size before relaxing)
 .eh_frame      0x000000000011ea7c       0x88 binaries/ttyhandle_in.o
                                         0xdc (size before relaxing)
 .eh_frame      0x000000000011eb04       0x24 binaries/ttyhandle_out.o
                                         0x50 (size before relaxing)
 .eh_frame      0x000000000011eb28       0x24 binaries/ttyhandler.o
                                         0x50 (size before relaxing)
 .eh_frame      0x000000000011eb4c       0x24 binaries/ttyinit.o
                                         0x50 (size before relaxing)
 .eh_frame      0x000000000011eb70       0x20 binaries/ttykickout.o
                                         0x4c (size before relaxing)
 .eh_frame      0x000000000011eb90       0x24 binaries/ttyputc.o
                                         0x50 (size before relaxing)
 .eh_frame      0x000000000011ebb4       0x24 binaries/ttyread.o
                                         0x50 (size before relaxing)
 .eh_frame      0x000000000011ebd8       0x24 binaries/ttywrite.o
                                         0x50 (size before relaxing)
 .eh_frame      0x000000000011ebfc       0x44 binaries/mount.o
                                         0x84 (size before relaxing)
 .eh_frame      0x000000000011ec40       0x24 binaries/naminit.o
                                         0x50 (size before relaxing)
 .eh_frame      0x000000000011ec64       0x68 binaries/nammap.o
                                         0xa8 (size before relaxing)
 .eh_frame      0x000000000011eccc       0x24 binaries/namopen.o
                                         0x50 (size before relaxing)
 .eh_frame      0x000000000011ecf0       0x28 binaries/colon2mac.o
                                         0x54 (size before relaxing)
 .eh_frame      0x000000000011ed18       0x24 binaries/ethcontrol.o
                                         0x50 (size before relaxing)
 .eh_frame      0x000000000011ed3c       0x24 binaries/ethhandler.o
                                         0x50 (size before relaxing)
 .eh_frame      0x000000000011ed60       0xb8 binaries/ethinit.o
                                         0xf8 (size before relaxing)
 .eh_frame      0x000000000011ee18       0x48 binaries/ethmcast.o
                                         0x88 (size before relaxing)
 .eh_frame      0x000000000011ee60       0x24 binaries/ethread.o
                                         0x50 (size before relaxing)
 .eh_frame      0x000000000011ee84       0x24 binaries/ethwrite.o
                                         0x50 (size before relaxing)
 .eh_frame      0x000000000011eea8       0x24 binaries/rdsbufalloc.o
                                         0x50 (size before relaxing)
 .eh_frame      0x000000000011eecc       0x20 binaries/rdsclose.o
                                         0x4c (size before relaxing)
 .eh_frame      0x000000000011eeec       0x24 binaries/rdscomm.o
                                         0x50 (size before relaxing)
 .eh_frame      0x000000000011ef10       0x24 binaries/rdscontrol.o
                                         0x50 (size before relaxing)
 .eh_frame      0x000000000011ef34       0x24 binaries/rdsinit.o
                                         0x50 (size before relaxing)
 .eh_frame      0x000000000011ef58       0x24 binaries/rdsopen.o
                                         0x50 (size before relaxing)
 .eh_frame      0x000000000011ef7c       0x1c binaries/rdsprocess.o
                                         0x48 (size before relaxing)
 .eh_frame      0x000000000011ef98       0x24 binaries/rdsread.o
                                         0x50 (size before relaxing)
 .eh_frame      0x000000000011efbc       0x24 binaries/rdswrite.o
                                         0x50 (size before relaxing)
 .eh_frame      0x000000000011efe0       0x20 binaries/ramclose.o
                                         0x4c (size before relaxing)
 .eh_frame      0x000000000011f000       0x24 binaries/raminit.o
                                         0x50 (size before relaxing)
 .eh_frame      0x000000000011f024       0x20 binaries/ramopen.o
                                         0x4c (size before relaxing)
 .eh_frame      0x000000000011f044       0x24 binaries/ramread.o
                                         0x50 (size before relaxing)
 .eh_frame      0x000000000011f068       0x24 binaries/ramwrite.o
                                         0x50 (size before relaxing)
 .eh_frame      0x000000000011f08c       0x24 binaries/lfdballoc.o
                                         0x50 (size before relaxing)
 .eh_frame      0x000000000011f0b0       0x24 binaries/lfdbfree.o
                                         0x50 (size before relaxing)
 .eh_frame      0x000000000011f0d4       0x24 binaries/lfflush.o
                                         0x50 (size before relaxing)
 .eh_frame      0x000000000011f0f8       0x20 binaries/lfgetmode.o
                                         0x4c (size before relaxing)
 .eh_frame      0x000000000011f118       0x24 binaries/lfiballoc.o
                                         0x50 (size before relaxing)
 .eh_frame      0x000000000011f13c       0x20 binaries/lfibclear.o
                                         0x4c (size before relaxing)
 .eh_frame      0x000000000011f15c       0x24 binaries/lfibget.o
                                         0x50 (size before relaxing)
 .eh_frame      0x000000000011f180       0x24 binaries/lfibput.o
                                         0x50 (size before relaxing)
 .eh_frame      0x000000000011f1a4       0x24 binaries/lflclose.o
                                         0x50 (size before relaxing)
 .eh_frame      0x000000000011f1c8       0x24 binaries/lflcontrol.o
                                         0x50 (size before relaxing)
 .eh_frame      0x000000000011f1ec       0x24 binaries/lflgetc.o
                                         0x50 (size before relaxing)
 .eh_frame      0x000000000011f210       0x24 binaries/lflinit.o
                                         0x50 (size before relaxing)
 .eh_frame      0x000000000011f234       0x24 binaries/lflputc.o
                                         0x50 (size before relaxing)
 .eh_frame      0x000000000011f258       0x24 binaries/lflread.o
                                         0x50 (size before relaxing)
 .eh_frame      0x000000000011f27c       0x24 binaries/lflseek.o
                                         0x50 (size before relaxing)
 .eh_frame      0x000000000011f2a0       0x24 binaries/lflwrite.o
                                         0x50 (size before relaxing)
 .eh_frame      0x000000000011f2c4       0x24 binaries/lfsckfmt.o
                                         0x50 (size before relaxing)
 .eh_frame      0x000000000011f2e8       0x24 binaries/lfscreate.o
                                         0x50 (size before relaxing)
 .eh_frame      0x000000000011f30c       0x24 binaries/lfsetup.o
                                         0x50 (size before relaxing)
 .eh_frame      0x000000000011f330       0x24 binaries/lfsinit.o
                                         0x50 (size before relaxing)
 .eh_frame      0x000000000011f354       0x24 binaries/lfsopen.o
                                         0x50 (size before relaxing)
 .eh_frame      0x000000000011f378       0x24 binaries/lftruncate.o
                                         0x50 (size before relaxing)
 .eh_frame      0x000000000011f39c       0x24 binaries/rflclose.o
                                         0x50 (size before relaxing)
 .eh_frame      0x000000000011f3c0       0x24 binaries/rflgetc.o
                                         0x50 (size before relaxing)
 .eh_frame      0x000000000011f3e4       0x20 binaries/rflinit.o
                                         0x4c (size before relaxing)
 .eh_frame      0x000000000011f404       0x24 binaries/rflputc.o
                                         0x50 (size before relaxing)
 .eh_frame      0x000000000011f428       0x24 binaries/rflread.o
                                         0x50 (size before relaxing)
 .eh_frame      0x000000000011f44c       0x24 binaries/rflseek.o
                                         0x50 (size before relaxing)
 .eh_frame      0x000000000011f470       0x24 binaries/rflwrite.o
                                         0x50 (size before relaxing)
 .eh_frame      0x000000000011f494       0x24 binaries/rfscomm.o
                                         0x50 (size before relaxing)
 .eh_frame      0x000000000011f4b8       0x24 binaries/rfscontrol.o
                                         0x50 (size before relaxing)
 .eh_frame      0x000000000011f4dc       0x20 binaries/rfsgetmode.o
                                         0x4c (size before relaxing)
 .eh_frame      0x000000000011f4fc       0x24 binaries/rfsinit.o
                                         0x50 (size before relaxing)
 .eh_frame      0x000000000011f520       0x24 binaries/rfsndmsg.o
                                         0x50 (size before relaxing)
 .eh_frame      0x000000000011f544       0x24 binaries/rfsopen.o
                                         0x50 (size before relaxing)
 .eh_frame      0x000000000011f568       0xd0 binaries/arp.o
                                        0x124 (size before relaxing)
 .eh_frame      0x000000000011f638       0xac binaries/dhcp.o
                                         0xec (size before relaxing)
 .eh_frame      0x000000000011f6e4       0x20 binaries/dot2ip.o
                                         0x4c (size before relaxing)
 .eh_frame      0x000000000011f704       0x48 binaries/hexdump.o
                                         0x74 (size before relaxing)
 .eh_frame      0x000000000011f74c      0x168 binaries/icmp.o
                                        0x1bc (size before relaxing)
 .eh_frame      0x000000000011f8b4      0x130 binaries/ip.o
                                        0x170 (size before relaxing)
 .eh_frame      0x000000000011f9e4       0x80 binaries/net.o
                                         0xc0 (size before relaxing)
 .eh_frame      0x000000000011fa64       0x30 binaries/netstart.o
                                         0x5c (size before relaxing)
 .eh_frame      0x000000000011fa94       0x60 binaries/pdump.o
                                         0xa0 (size before relaxing)
 .eh_frame      0x000000000011faf4       0x68 binaries/tftp.o
                                         0xa8 (size before relaxing)
 .eh_frame      0x000000000011fb5c      0x160 binaries/udp.o
                                        0x1b4 (size before relaxing)
 .eh_frame      0x000000000011fcbc       0x24 binaries/addargs.o
                                         0x50 (size before relaxing)
 .eh_frame      0x000000000011fce0       0x20 binaries/lexan.o
                                         0x4c (size before relaxing)
 .eh_frame      0x000000000011fd00       0x2c binaries/shell.o
                                         0x58 (size before relaxing)
 .eh_frame      0x000000000011fd2c       0x24 binaries/xsh_argecho.o
                                         0x50 (size before relaxing)
 .eh_frame      0x000000000011fd50       0x48 binaries/xsh_arp.o
                                         0x74 (size before relaxing)
 .eh_frame      0x000000000011fd98       0x2c binaries/xsh_cat.o
                                         0x58 (size before relaxing)
 .eh_frame      0x000000000011fdc4       0x28 binaries/xsh_clear.o
                                         0x54 (size before relaxing)
 .eh_frame      0x000000000011fdec       0x2c binaries/xsh_date.o
                                         0x58 (size before relaxing)
 .eh_frame      0x000000000011fe18       0x24 binaries/xsh_devdump.o
                                         0x50 (size before relaxing)
 .eh_frame      0x000000000011fe3c       0x24 binaries/xsh_echo.o
                                         0x50 (size before relaxing)
 .eh_frame      0x000000000011fe60       0x20 binaries/xsh_exit.o
                                         0x4c (size before relaxing)
 .eh_frame      0x000000000011fe80       0x2c binaries/xsh_help.o
                                         0x58 (size before relaxing)
 .eh_frame      0x000000000011feac       0x30 binaries/xsh_ipaddr.o
                                         0x5c (size before relaxing)
 .eh_frame      0x000000000011fedc       0x2c binaries/xsh_kill.o
                                         0x58 (size before relaxing)
 .eh_frame      0x000000000011ff08       0x4c binaries/xsh_memdump.o
                                         0x8c (size before relaxing)
 .eh_frame      0x000000000011ff54       0x74 binaries/xsh_memstat.o
                                         0xa0 (size before relaxing)
 .eh_frame      0x000000000011ffc8       0x30 binaries/xsh_ping.o
                                         0x5c (size before relaxing)
 .eh_frame      0x000000000011fff8       0x30 binaries/xsh_ps.o
                                         0x5c (size before relaxing)
 .eh_frame      0x0000000000120028       0x2c binaries/xsh_sleep.o
                                         0x58 (size before relaxing)
 .eh_frame      0x0000000000120054       0x2c binaries/xsh_udpdump.o
                                         0x58 (size before relaxing)
 .eh_frame      0x0000000000120080       0x30 binaries/xsh_udpecho.o
                                         0x5c (size before relaxing)
 .eh_frame      0x00000000001200b0       0x30 binaries/xsh_udpeserver.o
                                         0x5c (size before relaxing)
 .eh_frame      0x00000000001200e0       0x2c binaries/xsh_uptime.o
                                         0x58 (size before relaxing)
 .eh_frame      0x000000000012010c       0x24 binaries/allocate_bs.o
                                         0x50 (size before relaxing)
 .eh_frame      0x0000000000120130       0x24 binaries/close_bs.o
                                         0x50 (size before relaxing)
 .eh_frame      0x0000000000120154       0x24 binaries/deallocate_bs.o
                                         0x50 (size before relaxing)
 .eh_frame      0x0000000000120178       0x28 binaries/get_bs.o
                                         0x54 (size before relaxing)
 .eh_frame      0x00000000001201a0       0x24 binaries/open_bs.o
                                         0x50 (size before relaxing)
 .eh_frame      0x00000000001201c4       0x24 binaries/psinit.o
                                         0x50 (size before relaxing)
 .eh_frame      0x00000000001201e8       0x2c binaries/read_bs.o
                                         0x58 (size before relaxing)
 .eh_frame      0x0000000000120214       0x24 binaries/release_bs.o
                                         0x50 (size before relaxing)
 .eh_frame      0x0000000000120238       0x2c binaries/write_bs.o
                                         0x58 (size before relaxing)

.iplt           0x0000000000120268        0x0
 .iplt          0x0000000000120268        0x0 binaries/start.o

.rel.dyn        0x0000000000120264        0x0
 .rel.got       0x0000000000120264        0x0 binaries/start.o
 .rel.iplt      0x0000000000120264        0x0 binaries/start.o
 .rel.text      0x0000000000120264        0x0 binaries/start.o

.data           0x0000000000120280     0x1d80
                0x0000000000120280                data = ABSOLUTE (.)
 *(.data .data.*)
 .data          0x0000000000120280      0x85a binaries/start.o
                0x0000000000120280                gdt
                0x00000000001202d0                idt
                0x0000000000120ad6                cpudelay
 .data          0x0000000000120ada        0x0 binaries/ascdate.o
 *fill*         0x0000000000120ada        0x6 
 .data.rel.local
                0x0000000000120ae0       0x88 binaries/ascdate.o
                0x0000000000120ae0                Date
 .data          0x0000000000120b68        0x0 binaries/bufinit.o
 .data          0x0000000000120b68        0x0 binaries/chprio.o
 .data          0x0000000000120b68        0x4 binaries/clkhandler.o
 .data          0x0000000000120b6c        0x0 binaries/clkinit.o
 .data          0x0000000000120b6c        0x0 binaries/close.o
 .data          0x0000000000120b6c        0x0 binaries/conf.o
 *fill*         0x0000000000120b6c       0x14 
 .data.rel      0x0000000000120b80      0x30c binaries/conf.o
                0x0000000000120b80                devtab
 .data          0x0000000000120e8c        0x0 binaries/control.o
 .data          0x0000000000120e8c        0x4 binaries/create.o
 .data          0x0000000000120e90        0x0 binaries/early_imr.o
 .data          0x0000000000120e90        0x0 binaries/evec.o
 *fill*         0x0000000000120e90       0x10 
 .data.rel.local
                0x0000000000120ea0       0x40 binaries/evec.o
                0x0000000000120ea0                inames
 .data          0x0000000000120ee0        0x0 binaries/freebuf.o
 .data          0x0000000000120ee0        0x0 binaries/freemem.o
 .data          0x0000000000120ee0        0x0 binaries/getbuf.o
 .data          0x0000000000120ee0        0x0 binaries/getc.o
 .data          0x0000000000120ee0        0x0 binaries/getdev.o
 .data          0x0000000000120ee0        0x0 binaries/getitem.o
 .data          0x0000000000120ee0        0x0 binaries/getmem.o
 .data          0x0000000000120ee0        0x0 binaries/getpid.o
 .data          0x0000000000120ee0        0x0 binaries/getprio.o
 .data          0x0000000000120ee0        0x0 binaries/getstk.o
 .data          0x0000000000120ee0        0x0 binaries/gettime.o
 .data          0x0000000000120ee0        0x0 binaries/getutime.o
 .data          0x0000000000120ee0        0x0 binaries/init.o
 .data          0x0000000000120ee0        0x0 binaries/initialize.o
 .data          0x0000000000120ee0        0x0 binaries/initialize_paging.o
 .data          0x0000000000120ee0        0x0 binaries/insert.o
 .data          0x0000000000120ee0        0x0 binaries/insertd.o
 .data          0x0000000000120ee0        0x0 binaries/instrumentation_hooks.o
 .data          0x0000000000120ee0        0x0 binaries/ioerr.o
 .data          0x0000000000120ee0        0x0 binaries/ionull.o
 .data          0x0000000000120ee0        0x0 binaries/kill.o
 .data          0x0000000000120ee0        0x0 binaries/kprintf.o
 .data          0x0000000000120ee0        0x0 binaries/Lab5_test1.o
 .data          0x0000000000120ee0        0x0 binaries/Lab5_test2.o
 .data          0x0000000000120ee0        0x0 binaries/main.o
 .data          0x0000000000120ee0        0x0 binaries/mark.o
 .data          0x0000000000120ee0       0x60 binaries/meminit.o
                0x0000000000120ee0                bootsign
                0x0000000000120ee4                bootinfo
                0x0000000000120f00                gdt_copy
 .data          0x0000000000120f40        0x0 binaries/mkbufpool.o
 .data          0x0000000000120f40        0x2 binaries/newqueue.o
 .data          0x0000000000120f42        0x0 binaries/obtain_free_frame.o
 .data          0x0000000000120f42        0x0 binaries/open.o
 .data          0x0000000000120f42        0x0 binaries/panic.o
 .data          0x0000000000120f42        0x0 binaries/pci.o
 .data          0x0000000000120f42        0x0 binaries/pf_handler.o
 .data          0x0000000000120f42        0x0 binaries/platinit.o
 .data          0x0000000000120f42        0x0 binaries/ptclear.o
 .data          0x0000000000120f42        0x0 binaries/ptcount.o
 .data          0x0000000000120f42        0x0 binaries/ptcreate.o
 .data          0x0000000000120f42        0x0 binaries/ptdelete.o
 .data          0x0000000000120f42        0x0 binaries/ptinit.o
 .data          0x0000000000120f42        0x0 binaries/ptrecv.o
 .data          0x0000000000120f42        0x0 binaries/ptreset.o
 .data          0x0000000000120f42        0x0 binaries/ptsend.o
 .data          0x0000000000120f42        0x0 binaries/putc.o
 .data          0x0000000000120f42        0x0 binaries/quark_irq.o
 .data          0x0000000000120f42        0x0 binaries/quark_pdat.o
 .data          0x0000000000120f42        0x0 binaries/queue.o
 .data          0x0000000000120f42        0x0 binaries/read.o
 .data          0x0000000000120f42        0x0 binaries/ready.o
 .data          0x0000000000120f42        0x0 binaries/receive.o
 .data          0x0000000000120f42        0x0 binaries/recvclr.o
 .data          0x0000000000120f42        0x0 binaries/recvtime.o
 .data          0x0000000000120f42        0x0 binaries/resched.o
 .data          0x0000000000120f42        0x0 binaries/resume.o
 .data          0x0000000000120f42        0x0 binaries/seek.o
 .data          0x0000000000120f42        0x0 binaries/semcount.o
 .data          0x0000000000120f42        0x0 binaries/semcreate.o
 .data          0x0000000000120f42        0x0 binaries/semdelete.o
 .data          0x0000000000120f42        0x0 binaries/semreset.o
 .data          0x0000000000120f42        0x0 binaries/send.o
 .data          0x0000000000120f42        0x0 binaries/signal.o
 .data          0x0000000000120f42        0x0 binaries/signaln.o
 .data          0x0000000000120f42        0x0 binaries/sleep.o
 .data          0x0000000000120f42        0x0 binaries/stacktrace.o
 .data          0x0000000000120f42        0x0 binaries/suspend.o
 .data          0x0000000000120f42        0x0 binaries/unsleep.o
 .data          0x0000000000120f42        0x0 binaries/userret.o
 *fill*         0x0000000000120f42        0x2 
 .data          0x0000000000120f44        0x4 binaries/vcreate.o
 .data          0x0000000000120f48        0x0 binaries/vfreemem.o
 .data          0x0000000000120f48        0x0 binaries/vgetmem.o
 .data          0x0000000000120f48        0x0 binaries/wait.o
 .data          0x0000000000120f48        0x0 binaries/wakeup.o
 .data          0x0000000000120f48        0x0 binaries/write.o
 .data          0x0000000000120f48        0x0 binaries/xdone.o
 .data          0x0000000000120f48        0x0 binaries/yield.o
 .data          0x0000000000120f48        0x0 binaries/abs.o
 .data          0x0000000000120f48        0x0 binaries/atoi.o
 .data          0x0000000000120f48        0x0 binaries/atol.o
 .data          0x0000000000120f48        0x0 binaries/bzero.o
 .data          0x0000000000120f48        0x0 binaries/ctype_.o
 .data          0x0000000000120f48        0x0 binaries/doprnt.o
 *fill*         0x0000000000120f48       0x18 
 .data          0x0000000000120f60       0x80 binaries/doscan.o
                0x0000000000120f60                _sctab
 .data          0x0000000000120fe0        0x0 binaries/fdoprnt.o
 .data          0x0000000000120fe0        0x0 binaries/fgetc.o
 .data          0x0000000000120fe0        0x0 binaries/fgets.o
 .data          0x0000000000120fe0        0x0 binaries/fprintf.o
 .data          0x0000000000120fe0        0x0 binaries/fputc.o
 .data          0x0000000000120fe0        0x0 binaries/fputs.o
 .data          0x0000000000120fe0        0x0 binaries/fscanf.o
 .data          0x0000000000120fe0        0x0 binaries/getchar.o
 .data          0x0000000000120fe0        0x0 binaries/labs.o
 .data          0x0000000000120fe0        0x0 binaries/memchr.o
 .data          0x0000000000120fe0        0x0 binaries/memcmp.o
 .data          0x0000000000120fe0        0x0 binaries/memcpy.o
 .data          0x0000000000120fe0        0x0 binaries/memset.o
 .data          0x0000000000120fe0        0x0 binaries/printf.o
 .data          0x0000000000120fe0        0x0 binaries/putchar.o
 .data          0x0000000000120fe0        0x0 binaries/qsort.o
 .data          0x0000000000120fe0        0x4 binaries/rand.o
 .data          0x0000000000120fe4        0x0 binaries/sprintf.o
 .data          0x0000000000120fe4        0x0 binaries/sscanf.o
 .data          0x0000000000120fe4        0x0 binaries/strchr.o
 .data          0x0000000000120fe4        0x0 binaries/strcmp.o
 .data          0x0000000000120fe4        0x0 binaries/strcpy.o
 .data          0x0000000000120fe4        0x0 binaries/strlen.o
 .data          0x0000000000120fe4        0x0 binaries/strncat.o
 .data          0x0000000000120fe4        0x0 binaries/strncmp.o
 .data          0x0000000000120fe4        0x0 binaries/strncpy.o
 .data          0x0000000000120fe4        0x0 binaries/strnlen.o
 .data          0x0000000000120fe4        0x0 binaries/strrchr.o
 .data          0x0000000000120fe4        0x0 binaries/strstr.o
 .data          0x0000000000120fe4        0x0 binaries/ttycontrol.o
 .data          0x0000000000120fe4        0x0 binaries/ttygetc.o
 .data          0x0000000000120fe4        0x0 binaries/ttyhandle_in.o
 .data          0x0000000000120fe4        0x0 binaries/ttyhandle_out.o
 .data          0x0000000000120fe4        0x0 binaries/ttyhandler.o
 .data          0x0000000000120fe4        0x0 binaries/ttyinit.o
 .data          0x0000000000120fe4        0x0 binaries/ttykickout.o
 .data          0x0000000000120fe4        0x0 binaries/ttyputc.o
 .data          0x0000000000120fe4        0x0 binaries/ttyread.o
 .data          0x0000000000120fe4        0x0 binaries/ttywrite.o
 .data          0x0000000000120fe4        0x0 binaries/mount.o
 .data          0x0000000000120fe4        0x0 binaries/naminit.o
 .data          0x0000000000120fe4        0x0 binaries/nammap.o
 .data          0x0000000000120fe4        0x0 binaries/namopen.o
 .data          0x0000000000120fe4        0x0 binaries/colon2mac.o
 .data          0x0000000000120fe4        0x0 binaries/ethcontrol.o
 .data          0x0000000000120fe4        0x0 binaries/ethhandler.o
 .data          0x0000000000120fe4        0x0 binaries/ethinit.o
 .data          0x0000000000120fe4        0x0 binaries/ethmcast.o
 .data          0x0000000000120fe4        0x0 binaries/ethread.o
 .data          0x0000000000120fe4        0x0 binaries/ethwrite.o
 .data          0x0000000000120fe4        0x0 binaries/rdsbufalloc.o
 .data          0x0000000000120fe4        0x0 binaries/rdsclose.o
 .data          0x0000000000120fe4        0x0 binaries/rdscomm.o
 .data          0x0000000000120fe4        0x0 binaries/rdscontrol.o
 .data          0x0000000000120fe4        0x0 binaries/rdsinit.o
 .data          0x0000000000120fe4        0x0 binaries/rdsopen.o
 .data          0x0000000000120fe4        0x0 binaries/rdsprocess.o
 .data          0x0000000000120fe4        0x0 binaries/rdsread.o
 .data          0x0000000000120fe4        0x0 binaries/rdswrite.o
 .data          0x0000000000120fe4        0x0 binaries/ramclose.o
 .data          0x0000000000120fe4        0x0 binaries/raminit.o
 .data          0x0000000000120fe4        0x0 binaries/ramopen.o
 .data          0x0000000000120fe4        0x0 binaries/ramread.o
 .data          0x0000000000120fe4        0x0 binaries/ramwrite.o
 .data          0x0000000000120fe4        0x0 binaries/lfdballoc.o
 .data          0x0000000000120fe4        0x0 binaries/lfdbfree.o
 .data          0x0000000000120fe4        0x0 binaries/lfflush.o
 .data          0x0000000000120fe4        0x0 binaries/lfgetmode.o
 .data          0x0000000000120fe4        0x0 binaries/lfiballoc.o
 .data          0x0000000000120fe4        0x0 binaries/lfibclear.o
 .data          0x0000000000120fe4        0x0 binaries/lfibget.o
 .data          0x0000000000120fe4        0x0 binaries/lfibput.o
 .data          0x0000000000120fe4        0x0 binaries/lflclose.o
 .data          0x0000000000120fe4        0x0 binaries/lflcontrol.o
 .data          0x0000000000120fe4        0x0 binaries/lflgetc.o
 .data          0x0000000000120fe4        0x0 binaries/lflinit.o
 .data          0x0000000000120fe4        0x0 binaries/lflputc.o
 .data          0x0000000000120fe4        0x0 binaries/lflread.o
 .data          0x0000000000120fe4        0x0 binaries/lflseek.o
 .data          0x0000000000120fe4        0x0 binaries/lflwrite.o
 .data          0x0000000000120fe4        0x0 binaries/lfsckfmt.o
 .data          0x0000000000120fe4        0x0 binaries/lfscreate.o
 .data          0x0000000000120fe4        0x0 binaries/lfsetup.o
 .data          0x0000000000120fe4        0x0 binaries/lfsinit.o
 .data          0x0000000000120fe4        0x0 binaries/lfsopen.o
 .data          0x0000000000120fe4        0x0 binaries/lftruncate.o
 .data          0x0000000000120fe4        0x0 binaries/rflclose.o
 .data          0x0000000000120fe4        0x0 binaries/rflgetc.o
 .data          0x0000000000120fe4        0x0 binaries/rflinit.o
 .data          0x0000000000120fe4        0x0 binaries/rflputc.o
 .data          0x0000000000120fe4        0x0 binaries/rflread.o
 .data          0x0000000000120fe4        0x0 binaries/rflseek.o
 .data          0x0000000000120fe4        0x0 binaries/rflwrite.o
 .data          0x0000000000120fe4        0x0 binaries/rfscomm.o
 .data          0x0000000000120fe4        0x0 binaries/rfscontrol.o
 .data          0x0000000000120fe4        0x0 binaries/rfsgetmode.o
 .data          0x0000000000120fe4        0x0 binaries/rfsinit.o
 .data          0x0000000000120fe4        0x0 binaries/rfsndmsg.o
 .data          0x0000000000120fe4        0x0 binaries/rfsopen.o
 .data          0x0000000000120fe4        0x0 binaries/arp.o
 .data          0x0000000000120fe4        0x0 binaries/dhcp.o
 .data          0x0000000000120fe4        0x0 binaries/dot2ip.o
 .data          0x0000000000120fe4        0x0 binaries/hexdump.o
 .data          0x0000000000120fe4        0x4 binaries/icmp.o
 .data          0x0000000000120fe8        0x0 binaries/ip.o
 .data          0x0000000000120fe8        0x0 binaries/net.o
 .data          0x0000000000120fe8        0x0 binaries/netstart.o
 .data          0x0000000000120fe8        0x0 binaries/pdump.o
 .data          0x0000000000120fe8        0x0 binaries/tftp.o
 .data          0x0000000000120fe8        0x4 binaries/udp.o
 .data          0x0000000000120fec        0x0 binaries/addargs.o
 .data          0x0000000000120fec        0x0 binaries/lexan.o
 .data          0x0000000000120fec        0x4 binaries/shell.o
                0x0000000000120fec                ncmd
 *fill*         0x0000000000120ff0       0x10 
 .data.rel.ro   0x0000000000121000       0xfc binaries/shell.o
                0x0000000000121000                cmdtab
 .data          0x00000000001210fc        0x0 binaries/xsh_argecho.o
 .data          0x00000000001210fc        0x0 binaries/xsh_arp.o
 .data          0x00000000001210fc        0x0 binaries/xsh_cat.o
 .data          0x00000000001210fc        0x0 binaries/xsh_clear.o
 .data          0x00000000001210fc        0x0 binaries/xsh_date.o
 .data          0x00000000001210fc        0x0 binaries/xsh_devdump.o
 .data          0x00000000001210fc        0x0 binaries/xsh_echo.o